Microchip MPLAB XC8 Compiler V2.05 ()

Linker command line:

-W-3 --edf=C:\Program Files (x86)\Microchip\xc8\v2.05\pic\dat\en_msgs.txt \
  -cs -h+dist/default/production\Embedded.X.production.sym \
  --cmf=dist/default/production\Embedded.X.production.cmf -z -Q16F884 \
  -oC:\Users\ALECEI~1\AppData\Local\Temp\sah4.3 --defsym=__MPLAB_BUILD=1 \
  -Mdist/default/production/Embedded.X.production.map -E1 -ver=XC8 \
  --acfsm=1493 -ASTACK=0A0h-0EFh -pstack=STACK -ACODE=00h-07FFhx2 \
  -ASTRCODE=00h-0FFFh -ASTRING=00h-0FFhx16 -ACONST=00h-0FFhx16 \
  -AENTRY=00h-0FFhx16 -ACOMMON=070h-07Fh -ABANK0=020h-06Fh \
  -ABANK1=0A0h-0EFh -ABANK2=0120h-016Fh \
  -ARAM=020h-06Fh,0A0h-0EFh,0120h-016Fh \
  -AABS1=020h-07Fh,0A0h-0EFh,0120h-016Fh -ASFR0=00h-01Fh -ASFR1=080h-09Fh \
  -ASFR2=0100h-011Fh -ASFR3=0180h-01EFh \
  -preset_vec=00h,intentry,init,end_init -ppowerup=CODE -pcinit=CODE \
  -pfunctab=ENTRY -ACONFIG=02007h-02008h -pconfig=CONFIG -DCONFIG=2 \
  -AIDLOC=02000h-02003h -pidloc=IDLOC -DIDLOC=2 -AEEDATA=00h-0FFh/02100h \
  -peeprom_data=EEDATA -DEEDATA=2 -DCODE=2 -DSTRCODE=2 -DSTRING=2 -DCONST=2 \
  -DENTRY=2 -k C:\Users\ALECEI~1\AppData\Local\Temp\sah4.o \
  dist/default/production\Embedded.X.production.o 

Object code version is 3.11

Machine type is 16F884



                Name                               Link     Load   Length Selector   Space Scale
C:\Users\ALECEI~1\AppData\Local\Temp\sah4.o
                end_init                              0        0        2        0       0
dist/default/production\Embedded.X.production.o
                cinit                               7E7      7E7       19      FCE       0
                maintext                            7D9      7D9        2      FB2       0
                clrtext                             7DF      7DF        8      FBE       0
                bssBANK0                             20       20       4E       20       1
                dataCOMMON                           70       70        4       70       1
                strings                               2        2       4C        4       0
                idataCOMMON                         7DB      7DB        4      FB6       0

TOTAL           Name                               Link     Load   Length     Space
        CLASS   STACK          

        CLASS   CODE           
                end_init                              0        0        2         0
                cinit                               7E7      7E7       19         0
                maintext                            7D9      7D9        2         0
                clrtext                             7DF      7DF        8         0
                idataCOMMON                         7DB      7DB        4         0

        CLASS   STRCODE        

        CLASS   STRING         
                strings                               2        2       4C         0

        CLASS   CONST          

        CLASS   ENTRY          

        CLASS   COMMON         
                dataCOMMON                           70       70        4         1

        CLASS   BANK0          
                bssBANK0                             20       20       4E         1

        CLASS   BANK1          

        CLASS   BANK2          

        CLASS   RAM            

        CLASS   ABS1           
                abs_s1                               7E       7E        2         1

        CLASS   SFR0           

        CLASS   SFR1           

        CLASS   SFR2           

        CLASS   SFR3           

        CLASS   CONFIG         

        CLASS   IDLOC          

        CLASS   EEDATA         

        CLASS   BANK3          



SEGMENTS        Name                           Load    Length   Top    Selector   Space  Class     Delta

                reset_vec                      000000  000002  000002         0       0  CODE        2
                strings                        000002  00004C  00004E         4       0  STRING      2
                bssBANK0                       000020  00004E  00006E        20       1  BANK0       1
                dataCOMMON                     000070  000004  000074        70       1  COMMON      1
                maintext                       0007D9  000002  0007DB       FB2       0  CODE        2
                idataCOMMON                    0007DB  000004  0007DF       FB6       0  CODE        2
                clrtext                        0007DF  000008  0007E7       FBE       0  CODE        2
                cinit                          0007E7  000019  000800       FCE       0  CODE        2


UNUSED ADDRESS RANGES

        Name                Unused          Largest block    Delta
        BANK0            006E-006F              2           1
        BANK1            00A0-00EF             50           1
        BANK2            0120-016F             50           1
        CODE             004E-07D8            78B           2
                         0800-0FFF            800
        COMMON           0074-007D              A           1
        CONFIG           2007-2008              2           2
        CONST            004E-07D8            100           2
                         0800-0FFF            100
        EEDATA           2100-21FF            100           2
        ENTRY            004E-07D8            100           2
                         0800-0FFF            100
        IDLOC            2000-2003              4           2
        RAM              006E-006F              2           1
                         00A0-00EF             50
                         0120-016F             50
        SFR0             0000-001F             20           1
        SFR1             0080-009F             20           1
        SFR2             0100-011F             20           1
        SFR3             0180-01EF             70           1
        STACK            00A0-00EF             50           1
        STRCODE          004E-07D8            78B           2
                         0800-0FFF            800
        STRING           004E-07D8            100           2
                         0800-0FFF            100

                                  Symbol Table

_Tetris_playerStartingPosition         strings      0008
_Tetris_unitPivot                      strings      000A
_Tetris_units                          strings      000C
__Habs1                                abs1         0000
__Hbank0                               bank0        0000
__Hbank1                               bank1        0000
__Hbank2                               bank2        0000
__Hbank3                               bank3        0000
__HbssBANK0                            bssBANK0     0000
__Hcinit                               cinit        0800
__Hclrtext                             clrtext      0000
__Hcode                                code         0000
__Hcommon                              common       0000
__Hconfig                              config       0000
__HcstackCOMMON                        cstackCOMMON 0000
__HdataCOMMON                          dataCOMMON   0000
__Heeprom_data                         eeprom_data  0000
__Hend_init                            end_init     0002
__Hfunctab                             functab      0000
__HidataCOMMON                         idataCOMMON  0000
__Hidloc                               idloc        0000
__Hinit                                init         0000
__Hintentry                            intentry     0000
__Hmaintext                            maintext     0000
__Hpowerup                             powerup      0000
__Hram                                 ram          0000
__Hreset_vec                           reset_vec    0000
__Hsfr0                                sfr0         0000
__Hsfr1                                sfr1         0000
__Hsfr2                                sfr2         0000
__Hsfr3                                sfr3         0000
__Hspace_0                             (abs)        0800
__Hspace_1                             (abs)        0074
__Hspace_2                             (abs)        0000
__Hspace_3                             (abs)        0000
__Hstack                               stack        0000
__Hstrings                             strings      0000
__Htext                                text         0000
__Labs1                                abs1         0000
__Lbank0                               bank0        0000
__Lbank1                               bank1        0000
__Lbank2                               bank2        0000
__Lbank3                               bank3        0000
__LbssBANK0                            bssBANK0     0000
__Lcinit                               cinit        07E7
__Lclrtext                             clrtext      0000
__Lcode                                code         0000
__Lcommon                              common       0000
__Lconfig                              config       0000
__LcstackCOMMON                        cstackCOMMON 0000
__LdataCOMMON                          dataCOMMON   0000
__Leeprom_data                         eeprom_data  0000
__Lend_init                            end_init     0000
__Lfunctab                             functab      0000
__LidataCOMMON                         idataCOMMON  0000
__Lidloc                               idloc        0000
__Linit                                init         0000
__Lintentry                            intentry     0000
__Lmaintext                            maintext     0000
__Lpowerup                             powerup      0000
__Lram                                 ram          0000
__Lreset_vec                           reset_vec    0000
__Lsfr0                                sfr0         0000
__Lsfr1                                sfr1         0000
__Lsfr2                                sfr2         0000
__Lsfr3                                sfr3         0000
__Lspace_0                             (abs)        0000
__Lspace_1                             (abs)        0000
__Lspace_2                             (abs)        0000
__Lspace_3                             (abs)        0000
__Lstack                               stack        0000
__Lstrings                             strings      0000
__Ltext                                text         0000
__S0                                   (abs)        0800
__S1                                   (abs)        0074
__S2                                   (abs)        0000
__S3                                   (abs)        0000
___int_sp                              stack        0000
___latbits                             (abs)        0001
___sp                                  stack        0000
___stackhi                             (abs)        0000
___stacklo                             (abs)        0000
__end_of_Tetris_playerStartingPosition strings      000A
__end_of_Tetris_unitPivot              strings      000C
__end_of_Tetris_units                  strings      004E
__end_of__initialization               cinit        07FD
__end_of__stringtab                    strings      0008
__end_of_main                          maintext     07DB
__initialization                       cinit        07E7
__pbssBANK0                            bssBANK0     0020
__pcstackCOMMON                        cstackCOMMON 0000
__pdataCOMMON                          dataCOMMON   0070
__pidataCOMMON                         idataCOMMON  07DB
__pmaintext                            maintext     07D9
__pstrings                             strings      0002
__size_of_main                         (abs)        0000
__stringbase                           strings      0007
__stringtab                            strings      0002
_main                                  maintext     07D9
btemp                                  (abs)        007E
clear_ram0                             clrtext      07DF
end_of_initialization                  cinit        07FD
intlevel0                              functab      0000
intlevel1                              functab      0000
intlevel2                              functab      0000
intlevel3                              functab      0000
intlevel4                              functab      0000
intlevel5                              functab      0000
reset_vec                              reset_vec    0000
start                                  init         0000
start_initialization                   cinit        07E7
wtemp0                                 (abs)        007E


FUNCTION INFORMATION:

 *************** function _main *****************
 Defined at:
		line 5 in file "main.c"
 Parameters:    Size  Location     Type
		None
 Auto vars:     Size  Location     Type
		None
 Return value:  Size  Location     Type
                  1    wreg      void 
 Registers used:
		None
 Tracked objects:
		On entry : 
		On exit  : 
		Unchanged: 
 Data sizes:     COMMON   BANK0   BANK1   BANK2
      Params:         0       0       0       0
      Locals:         0       0       0       0
      Temps:          0       0       0       0
      Totals:         0       0       0       0
Total ram usage:        0 bytes
 This function calls:
		Nothing
 This function is called by:
		Startup code after reset
 This function uses a non-reentrant model



MODULE INFORMATION

Module		Function		Class		Link	Load	Size
shared
		_Tetris_unitPivot		STRING         	000A	0000	3
		__stringtab    		STRING         	0002	0000	7
		_Tetris_playerStartingPosition		STRING         	0008	0000	3
		__initialization		CODE           	07E7	0000	23
		_Tetris_units  		STRING         	000C	0000	67

shared estimated size: 103

main.c
		_main          		CODE           	07D9	0000	3

main.c estimated size: 3

