Microchip MPLAB XC8 Compiler V2.05 ()

Linker command line:

-W-3 --edf=C:\Program Files (x86)\Microchip\xc8\v2.05\pic\dat\en_msgs.txt \
  -cs -h+dist/default/production\Embedded.X.production.sym \
  --cmf=dist/default/production\Embedded.X.production.cmf -z -Q16F884 \
  -oC:\Users\ALECEI~1\AppData\Local\Temp\sb9c.2 --defsym=__MPLAB_BUILD=1 \
  -Mdist/default/production/Embedded.X.production.map -E1 -ver=XC8 \
  --acfsm=1493 -ASTACK=0120h-016Fh -pstack=STACK -ACODE=00h-07FFhx2 \
  -ASTRCODE=00h-0FFFh -ASTRING=00h-0FFhx16 -ACONST=00h-0FFhx16 \
  -AENTRY=00h-0FFhx16 -ACOMMON=070h-07Fh -ABANK0=020h-06Fh \
  -ABANK1=0A0h-0EFh -ABANK2=0120h-016Fh \
  -ARAM=020h-06Fh,0A0h-0EFh,0120h-016Fh \
  -AABS1=020h-07Fh,0A0h-0EFh,0120h-016Fh -ASFR0=00h-01Fh -ASFR1=080h-09Fh \
  -ASFR2=0100h-011Fh -ASFR3=0180h-01EFh \
  -preset_vec=00h,intentry=04h,init,end_init -ppowerup=CODE -pcinit=CODE \
  -pfunctab=ENTRY -ACONFIG=02007h-02008h -pconfig=CONFIG -DCONFIG=2 \
  -AIDLOC=02000h-02003h -pidloc=IDLOC -DIDLOC=2 -AEEDATA=00h-0FFh/02100h \
  -peeprom_data=EEDATA -DEEDATA=2 -DCODE=2 -DSTRCODE=2 -DSTRING=2 -DCONST=2 \
  -DENTRY=2 -k C:\Users\ALECEI~1\AppData\Local\Temp\sb9c.o \
  dist/default/production\Embedded.X.production.o 

Object code version is 3.11

Machine type is 16F884



                Name                               Link     Load   Length Selector   Space Scale
C:\Users\ALECEI~1\AppData\Local\Temp\sb9c.o
                end_init                              B        B        2        8       0
                reset_vec                             0        0        2        0       0
                config                             2007     2007        2     400E       0
dist/default/production\Embedded.X.production.o
                cinit                                 D        D       1E        8       0
                intentry                              4        4        7        8       0
                text61                              C0E      C0E       21     181C       0
                text60                              B5C      B5C       1C     16B8       0
                text59                              A95      A95        E     152A       0
                text58                              C2F      C2F       21     185E       0
                text57                              D4F      D4F       2C     1A9E       0
                text56                              AC0      AC0       10     1580       0
                text55                              AD0      AD0       10     15A0       0
                text54                              AA3      AA3        E     1546       0
                text53                              A41      A41        7     1482       0
                text52                              B41      B41       1B     1682       0
                text51                              A71      A71        C     14E2       0
                text50                              A7D      A7D        C     14FA       0
                text49                              A5B      A5B        B     14B6       0
                text48                              58B      58B       8F      808       0
                text47                              E09      E09       35     1C12       0
                text46                               FB       FB        5        8       0
                text45                              A2F      A2F        6     145E       0
                text44                              7F3      7F3        D      808       0
                text43                              A35      A35        6     146A       0
                text42                              CFF      CFF       25     19FE       0
                text41                              A89      A89        C     1512       0
                text40                              B2A      B2A       17     1654       0
                text39                              C50      C50       23     18A0       0
                text38                              A51      A51        A     14A2       0
                text37                              A3B      A3B        6     1476       0
                text36                              D7B      D7B       2D     1AF6       0
                text35                              B15      B15       15     162A       0
                text34                              E74      E74       41     1CE8       0
                text33                              AB1      AB1        F     1562       0
                text32                              A48      A48        9     1490       0
                text31                              BD0      BD0       1F     17A0       0
                text30                              A66      A66        B     14CC       0
                text29                              B78      B78       1C     16F0       0
                text28                              404      404       EC      808       0
                text27                              B02      B02       13     1604       0
                text26                              AF0      AF0       12     15E0       0
                text25                              68A      68A       64      808       0
                text24                              EB5      EB5       41     1D6A       0
                text23                              B94      B94       1E     1728       0
                text22                              E3E      E3E       36     1C7C       0
                text21                              747      747       57      808       0
                text20                              BB2      BB2       1E     1764       0
                text19                              6EE      6EE       59      808       0
                text18                              4F0      4F0       9B      808       0
                text17                              AE0      AE0       10     15C0       0
                text16                              C73      C73       23     18E6       0
                text15                              BEF      BEF       1F     17DE       0
                text14                              EF6      EF6       41     1DEC       0
                text13                               C4       C4       37        8       0
                text12                              C96      C96       23     192C       0
                text11                              61A      61A       70      808       0
                text10                              F78      F78       43     1EF0       0
                text9                               DD8      DD8       31     1BB0       0
                text8                                2B       2B       4D        8       0
                text7                               CB9      CB9       23     1972       0
                text6                               F37      F37       41     1E6E       0
                text5                               FBB      FBB       45     1F76       0
                text4                               D24      D24       2B     1A48       0
                text3                               DA8      DA8       30     1B50       0
                text2                               CDC      CDC       23     19B8       0
                text1                                78       78       4C        8       0
                maintext                            79E      79E       55      808       0
                cstackBANK0                          20       20       27       20       1
                cstackCOMMON                         70       70        A       70       1
                cstackBANK1                          A0       A0       43       A0       1
                dataBANK1                            E4       E4        1       A0       1
                bssBANK1                             E3       E3        1       A0       1
                dataBANK0                            47       47        4       20       1
                bssCOMMON                            7A       7A        1       70       1
                bssEEDATA                             0     2100        3     4200       3
                stringtext                          100      100      304        2       0
                idataBANK1                            3        3        1        6       0
                idataBANK0                          A2B      A2B        4     1456       0

TOTAL           Name                               Link     Load   Length     Space
        CLASS   STACK          

        CLASS   CODE           
                end_init                              B        B        2         0
                cinit                                 D        D       1E         0
                intentry                              4        4        7         0
                reset_vec                             0        0        2         0
                text61                              C0E      C0E       21         0
                text60                              B5C      B5C       1C         0
                text59                              A95      A95        E         0
                text58                              C2F      C2F       21         0
                text57                              D4F      D4F       2C         0
                text56                              AC0      AC0       10         0
                text55                              AD0      AD0       10         0
                text54                              AA3      AA3        E         0
                text53                              A41      A41        7         0
                text52                              B41      B41       1B         0
                text51                              A71      A71        C         0
                text50                              A7D      A7D        C         0
                text49                              A5B      A5B        B         0
                text48                              58B      58B       8F         0
                text47                              E09      E09       35         0
                text46                               FB       FB        5         0
                text45                              A2F      A2F        6         0
                text44                              7F3      7F3        D         0
                text43                              A35      A35        6         0
                text42                              CFF      CFF       25         0
                text41                              A89      A89        C         0
                text40                              B2A      B2A       17         0
                text39                              C50      C50       23         0
                text38                              A51      A51        A         0
                text37                              A3B      A3B        6         0
                text36                              D7B      D7B       2D         0
                text35                              B15      B15       15         0
                text34                              E74      E74       41         0
                text33                              AB1      AB1        F         0
                text32                              A48      A48        9         0
                text31                              BD0      BD0       1F         0
                text30                              A66      A66        B         0
                text29                              B78      B78       1C         0
                text28                              404      404       EC         0
                text27                              B02      B02       13         0
                text26                              AF0      AF0       12         0
                text25                              68A      68A       64         0
                text24                              EB5      EB5       41         0
                text23                              B94      B94       1E         0
                text22                              E3E      E3E       36         0
                text21                              747      747       57         0
                text20                              BB2      BB2       1E         0
                text19                              6EE      6EE       59         0
                text18                              4F0      4F0       9B         0
                text17                              AE0      AE0       10         0
                text16                              C73      C73       23         0
                text15                              BEF      BEF       1F         0
                text14                              EF6      EF6       41         0
                text13                               C4       C4       37         0
                text12                              C96      C96       23         0
                text11                              61A      61A       70         0
                text10                              F78      F78       43         0
                text9                               DD8      DD8       31         0
                text8                                2B       2B       4D         0
                text7                               CB9      CB9       23         0
                text6                               F37      F37       41         0
                text5                               FBB      FBB       45         0
                text4                               D24      D24       2B         0
                text3                               DA8      DA8       30         0
                text2                               CDC      CDC       23         0
                text1                                78       78       4C         0
                maintext                            79E      79E       55         0
                idataBANK1                            3        3        1         0
                idataBANK0                          A2B      A2B        4         0

        CLASS   STRCODE        
                stringtext                          100      100      304         0

        CLASS   STRING         

        CLASS   CONST          

        CLASS   ENTRY          

        CLASS   COMMON         
                cstackCOMMON                         70       70        A         1
                bssCOMMON                            7A       7A        1         1

        CLASS   BANK0          
                cstackBANK0                          20       20       27         1
                dataBANK0                            47       47        4         1

        CLASS   BANK1          
                cstackBANK1                          A0       A0       43         1
                dataBANK1                            E4       E4        1         1
                bssBANK1                             E3       E3        1         1

        CLASS   BANK2          

        CLASS   RAM            

        CLASS   ABS1           
                abs_s1                               7E       7E        2         1

        CLASS   SFR0           

        CLASS   SFR1           

        CLASS   SFR2           

        CLASS   SFR3           

        CLASS   CONFIG         
                config                             2007     2007        2         0

        CLASS   IDLOC          

        CLASS   EEDATA         
                bssEEDATA                             0     2100        3         3

        CLASS   BANK3          



SEGMENTS        Name                           Load    Length   Top    Selector   Space  Class     Delta

                reset_vec                      000000  000002  000002         0       0  CODE        2
                idataBANK1                     000003  000001  000004         6       0  CODE        2
                intentry                       000004  0000FC  000100         8       0  CODE        2
                cstackBANK0                    000020  00002B  00004B        20       1  BANK0       1
                cstackCOMMON                   000070  00000B  00007B        70       1  COMMON      1
                cstackBANK1                    0000A0  000045  0000E5        A0       1  BANK1       1
                stringtext                     000100  000304  000404         2       0  STRCODE     2
                text28                         000404  0003FC  000800       808       0  CODE        2
                idataBANK0                     000A2B  000004  000A2F      1456       0  CODE        2
                text45                         000A2F  000006  000A35      145E       0  CODE        2
                text43                         000A35  000006  000A3B      146A       0  CODE        2
                text37                         000A3B  000006  000A41      1476       0  CODE        2
                text53                         000A41  000007  000A48      1482       0  CODE        2
                text32                         000A48  000009  000A51      1490       0  CODE        2
                text38                         000A51  00000A  000A5B      14A2       0  CODE        2
                text49                         000A5B  00000B  000A66      14B6       0  CODE        2
                text30                         000A66  00000B  000A71      14CC       0  CODE        2
                text51                         000A71  00000C  000A7D      14E2       0  CODE        2
                text50                         000A7D  00000C  000A89      14FA       0  CODE        2
                text41                         000A89  00000C  000A95      1512       0  CODE        2
                text59                         000A95  00000E  000AA3      152A       0  CODE        2
                text54                         000AA3  00000E  000AB1      1546       0  CODE        2
                text33                         000AB1  00000F  000AC0      1562       0  CODE        2
                text56                         000AC0  000010  000AD0      1580       0  CODE        2
                text55                         000AD0  000010  000AE0      15A0       0  CODE        2
                text17                         000AE0  000010  000AF0      15C0       0  CODE        2
                text26                         000AF0  000012  000B02      15E0       0  CODE        2
                text27                         000B02  000013  000B15      1604       0  CODE        2
                text35                         000B15  000015  000B2A      162A       0  CODE        2
                text40                         000B2A  000017  000B41      1654       0  CODE        2
                text52                         000B41  00001B  000B5C      1682       0  CODE        2
                text60                         000B5C  00001C  000B78      16B8       0  CODE        2
                text29                         000B78  00001C  000B94      16F0       0  CODE        2
                text23                         000B94  00001E  000BB2      1728       0  CODE        2
                text20                         000BB2  00001E  000BD0      1764       0  CODE        2
                text31                         000BD0  00001F  000BEF      17A0       0  CODE        2
                text15                         000BEF  00001F  000C0E      17DE       0  CODE        2
                text61                         000C0E  000021  000C2F      181C       0  CODE        2
                text58                         000C2F  000021  000C50      185E       0  CODE        2
                text39                         000C50  000023  000C73      18A0       0  CODE        2
                text16                         000C73  000023  000C96      18E6       0  CODE        2
                text12                         000C96  000023  000CB9      192C       0  CODE        2
                text7                          000CB9  000023  000CDC      1972       0  CODE        2
                text2                          000CDC  000023  000CFF      19B8       0  CODE        2
                text42                         000CFF  000025  000D24      19FE       0  CODE        2
                text4                          000D24  00002B  000D4F      1A48       0  CODE        2
                text57                         000D4F  00002C  000D7B      1A9E       0  CODE        2
                text36                         000D7B  00002D  000DA8      1AF6       0  CODE        2
                text3                          000DA8  000030  000DD8      1B50       0  CODE        2
                text9                          000DD8  000031  000E09      1BB0       0  CODE        2
                text47                         000E09  000035  000E3E      1C12       0  CODE        2
                text22                         000E3E  000036  000E74      1C7C       0  CODE        2
                text34                         000E74  000041  000EB5      1CE8       0  CODE        2
                text24                         000EB5  000041  000EF6      1D6A       0  CODE        2
                text14                         000EF6  000041  000F37      1DEC       0  CODE        2
                text6                          000F37  000041  000F78      1E6E       0  CODE        2
                text10                         000F78  000043  000FBB      1EF0       0  CODE        2
                text5                          000FBB  000045  001000      1F76       0  CODE        2
                config                         002007  000002  002009      400E       0  CONFIG      2
                bssEEDATA                      002100  000003  002103      4200       3  EEDATA      2


UNUSED ADDRESS RANGES

        Name                Unused          Largest block    Delta
        BANK0            004B-006F             25           1
        BANK1            00E5-00EF              B           1
        BANK2            0120-016F             50           1
        CODE             0002-0002              1           2
                         0800-0A2A            22B
        COMMON           007B-007D              3           1
        CONST            0002-0002              1           2
                         0800-0A2A            100
        EEDATA           2103-21FF             FD           2
        ENTRY            0002-0002              1           2
                         0800-0A2A            100
        IDLOC            2000-2003              4           2
        RAM              004B-006F             25           1
                         00E5-00EF              B
                         0120-016F             50
        SFR0             0000-001F             20           1
        SFR1             0080-009F             20           1
        SFR2             0100-011F             20           1
        SFR3             0180-01EF             70           1
        STACK            0120-016F             50           1
        STRCODE          0002-0002              1           2
                         0800-0A2A            22B
        STRING           0002-0002              1           2
                         0800-0A2A            100

                                  Symbol Table

?_Tetris_GetRandomUnit                     cstackBANK0  002C
?___awmod                                  cstackBANK0  002F
?___eetoi                                  cstackCOMMON 0078
?___lmul                                   cstackBANK0  0020
?___wmul                                   cstackBANK0  0035
?_rand                                     cstackBANK0  0028
Buttons_Clear@buttons                      cstackBANK0  0020
Buttons_Update@buttons                     cstackCOMMON 0076
Buttons_UpdateButton@button                cstackCOMMON 0075
Buttons_UpdateButton@nHeld                 cstackCOMMON 0073
DrawLogo@x                                 cstackBANK0  002C
DrawLogo@x_707                             cstackBANK0  002D
DrawLogo@y                                 cstackBANK0  002A
DrawLogo@y_708                             cstackBANK0  002B
DrawTetris@leftMask                        cstackBANK0  0032
DrawTetris@rightMask                       cstackBANK0  0034
DrawTetris@tetrisGame                      cstackBANK0  0031
DrawTetris@x                               cstackBANK0  0036
DrawTetrisGameColumn@gameRow               cstackBANK0  002B
DrawTetrisGameColumn@i                     cstackBANK0  002D
DrawTetrisGameColumn@lcdRow                cstackBANK0  002F
DrawTetrisGameColumn@leftMask              cstackBANK0  0025
DrawTetrisGameColumn@rightMask             cstackBANK0  0023
DrawTetrisGameColumn@tableY                cstackBANK0  002A
DrawTetrisGameColumn@tetrisGame            cstackBANK0  0029
DrawTetrisGameColumn@x                     cstackBANK0  0022
DrawTetrisGameColumn@y                     cstackBANK0  002E
InterruptHandler@timerInterruptCounter     bssCOMMON    007A
LCD_Clear@x                                cstackBANK0  0024
LCD_Clear@y                                cstackBANK0  0023
LCD_IsBusy@status                          cstackCOMMON 0077
LCD_ReadStatus@status                      cstackCOMMON 0074
LCD_SegmentSelection@segments              cstackCOMMON 0073
LCD_SetX@x                                 cstackBANK0  0021
LCD_SetY@y                                 cstackBANK0  0021
LCD_SetZ@z                                 cstackBANK0  0021
LCD_Write@data                             cstackCOMMON 0078
LCD_Write@mode                             cstackCOMMON 0079
LCD_WriteData@data                         cstackBANK0  0021
Tetris_ApplyPlayerToTable@game             cstackCOMMON 0079
Tetris_ApplyPlayerToTable@i                cstackCOMMON 0077
Tetris_ApplyPlayerToTable@i_326            cstackCOMMON 0078
Tetris_ApplyPlayerToTable@start            cstackCOMMON 0076
Tetris_ClearFilledRows@gameTable           cstackBANK0  0027
Tetris_ClearFilledRows@i                   cstackBANK0  0028
Tetris_ClearFilledRows@rowsCleared         cstackBANK0  0026
Tetris_CountUnitBits@i                     cstackBANK0  0024
Tetris_CountUnitBits@j                     cstackBANK0  0023
Tetris_CountUnitBits@mask                  cstackBANK0  0020
Tetris_CountUnitBits@result                cstackBANK0  0022
Tetris_CountUnitBits@unitBits              cstackCOMMON 0073
Tetris_MovePlayerDown@game                 cstackBANK0  002D
Tetris_MovePlayerLeft@game                 cstackBANK0  0030
Tetris_MovePlayerLeft@i                    cstackBANK0  002E
Tetris_MovePlayerLeft@i_461                cstackBANK0  002F
Tetris_MovePlayerRight@game                cstackBANK0  0030
Tetris_MovePlayerRight@i                   cstackBANK0  002E
Tetris_MovePlayerRight@i_475               cstackBANK0  002F
Tetris_PlayerOverlapsEnvironment@game      cstackCOMMON 0078
Tetris_PlayerOverlapsEnvironment@i         cstackCOMMON 0077
Tetris_PlayerOverlapsEnvironment@start     cstackCOMMON 0076
Tetris_PlayerTopmostY@player               cstackCOMMON 0075
Tetris_PlayerTouchingLeftBound@i           cstackCOMMON 0078
Tetris_PlayerTouchingLeftBound@player      cstackCOMMON 0077
Tetris_PlayerTouchingRightBound@i          cstackCOMMON 0078
Tetris_PlayerTouchingRightBound@player     cstackCOMMON 0077
Tetris_PlayerUnitBitsAreValid@player       cstackBANK0  0029
Tetris_RemovePlayerFromTable@game          cstackCOMMON 0077
Tetris_RemovePlayerFromTable@i             cstackCOMMON 0078
Tetris_RemovePlayerFromTable@start         cstackCOMMON 0076
Tetris_ResetGame@game                      cstackBANK0  0044
Tetris_ResetGame@playerUnit                cstackBANK0  0042
Tetris_ResetPlayer@player                  cstackBANK0  0041
Tetris_ResetPlayer@playerUnit              cstackBANK0  003D
Tetris_RotatePlayer@game                   cstackBANK0  0033
Tetris_RotatePlayer@oldRotation            cstackBANK0  0032
Tetris_ScoreForRowsCleared@rowsCleared     cstackCOMMON 0075
Tetris_SetPlayerUnit@player                cstackBANK0  002A
Tetris_SetPlayerUnit@unit                  cstackCOMMON 0078
Tetris_ShiftTableDown@gameTable            cstackBANK0  0020
Tetris_ShiftTableDown@i                    cstackBANK0  0021
Tetris_ShiftTableDown@upto                 cstackCOMMON 0073
Tetris_UpdateGame@game                     cstackBANK0  0045
Tetris_UpdateGame@rowsCleared              cstackBANK0  0044
Tetris_UpdatePlayerUnitBits@i              cstackCOMMON 0075
Tetris_UpdatePlayerUnitBits@i_346          cstackCOMMON 0073
Tetris_UpdatePlayerUnitBits@i_347          cstackCOMMON 0074
Tetris_UpdatePlayerUnitBits@player         cstackCOMMON 0077
Tetris_UpdatePlayerUnitBits@shift          cstackCOMMON 0076
_ANSEL                                     (abs)        0188
_ANSELH                                    (abs)        0189
_Buttons_Clear                             text59       0A95
_Buttons_SetupInterrupts                   text45       0A2F
_Buttons_SetupPortB                        text44       07F3
_Buttons_SetupPortsAndInterrups            text43       0A35
_Buttons_Update                            text57       0D4F
_Buttons_UpdateButton                      text58       0C2F
_DrawLogo                                  text28       0404
_DrawTetris                                text47       0E09
_DrawTetrisGameColumn                      text48       058B
_EEADR                                     (abs)        010D
_EECON1                                    (abs)        018C
_EECON1bits                                (abs)        018C
_EECON2                                    (abs)        018D
_EEDATA                                    (abs)        010C
_GIE                                       (abs)        005F
_INTCONbits                                (abs)        000B
_INTE                                      (abs)        005C
_INTEDG                                    (abs)        040E
_INTF                                      (abs)        0059
_IRCF0                                     (abs)        047C
_IRCF1                                     (abs)        047D
_IRCF2                                     (abs)        047E
_InterruptHandler                          text61       0C0E
_LCD_BlockWhileBusy                        text53       0A41
_LCD_Clear                                 text42       0CFF
_LCD_IsBusy                                text54       0AA3
_LCD_IsBusy$598                            cstackCOMMON 0076
_LCD_ReadStatus                            text55       0AD0
_LCD_Reset                                 text40       0B2A
_LCD_SegmentSelection                      text56       0AC0
_LCD_SetX                                  text51       0A71
_LCD_SetY                                  text50       0A7D
_LCD_SetZ                                  text41       0A89
_LCD_SetupPorts                            text39       0C50
_LCD_TurnOn                                text38       0A51
_LCD_Write                                 text52       0B41
_LCD_WriteData                             text49       0A5B
_PEIE                                      (abs)        005E
_PORTA                                     (abs)        0005
_PORTB                                     (abs)        0006
_PORTC                                     (abs)        0007
_PORTD                                     (abs)        0008
_RB1                                       (abs)        0031
_RB2                                       (abs)        0032
_RB3                                       (abs)        0033
_RB4                                       (abs)        0034
_RC0                                       (abs)        0038
_RC1                                       (abs)        0039
_RC2                                       (abs)        003A
_RC3                                       (abs)        003B
_RD0                                       (abs)        0040
_RD1                                       (abs)        0041
_ResetTimer                                text46       00FB
_STATUSbits                                (abs)        0003
_Setup                                     text29       0B78
_SetupOscillator                           text37       0A3B
_SetupRandomness                           text31       0BD0
_SetupTimer                                text30       0A66
_ShowLogo                                  text27       0B02
_T1CKPS0                                   (abs)        0084
_T1CKPS1                                   (abs)        0085
_TMR1                                      (abs)        000E
_TMR1CS                                    (abs)        0081
_TMR1IE                                    (abs)        0460
_TMR1IF                                    (abs)        0060
_TMR1ON                                    (abs)        0080
_TRISA                                     (abs)        0085
_TRISB                                     (abs)        0086
_TRISC                                     (abs)        0087
_TRISD                                     (abs)        0088
_Tetris_ApplyPlayerToTable                 text25       068A
_Tetris_ClearFilledRows                    text9        0DD8
_Tetris_CountUnitBits                      text14       0EF6
_Tetris_GetRandomUnit                      text4        0D24
_Tetris_MovePlayerDown                     text3        0DA8
_Tetris_MovePlayerLeft                     text21       0747
_Tetris_MovePlayerRight                    text19       06EE
_Tetris_PlayerOverlapsEnvironment          text24       0EB5
_Tetris_PlayerTopmostY                     text26       0AF0
_Tetris_PlayerTouchingLeftBound            text23       0B94
_Tetris_PlayerTouchingRightBound           text20       0BB2
_Tetris_PlayerUnitBitsAreValid             text13       00C4
_Tetris_RemovePlayerFromTable              text22       0E3E
_Tetris_ResetGame                          text15       0BEF
_Tetris_ResetPlayer                        text16       0C73
_Tetris_RotatePlayer                       text11       061A
_Tetris_ScoreForRowsCleared                text2        0CDC
_Tetris_SetPlayerUnit                      text17       0AE0
_Tetris_ShiftTableDown                     text10       0F78
_Tetris_UpdateGame                         text1        0078
_Tetris_UpdatePlayerUnitBits               text18       04F0
_Tetris_playerStartingPosition             stringtext   0312
_Tetris_unitPivot                          stringtext   0314
_Tetris_units                              stringtext   0316
_WPUB                                      (abs)        0095
__CFG_BOR4V$BOR40V                         (abs)        0000
__CFG_BOREN$OFF                            (abs)        0000
__CFG_CP$OFF                               (abs)        0000
__CFG_CPD$OFF                              (abs)        0000
__CFG_FCMEN$OFF                            (abs)        0000
__CFG_FOSC$INTRC_NOCLKOUT                  (abs)        0000
__CFG_IESO$OFF                             (abs)        0000
__CFG_LVP$OFF                              (abs)        0000
__CFG_MCLRE$ON                             (abs)        0000
__CFG_PWRTE$OFF                            (abs)        0000
__CFG_WDTE$OFF                             (abs)        0000
__CFG_WRT$OFF                              (abs)        0000
__Habs1                                    abs1         0000
__Hbank0                                   bank0        0000
__Hbank1                                   bank1        0000
__Hbank2                                   bank2        0000
__Hbank3                                   bank3        0000
__HbssBANK1                                bssBANK1     0000
__HbssCOMMON                               bssCOMMON    0000
__HbssEEDATA                               bssEEDATA    0000
__Hcinit                                   cinit        002B
__Hclrtext                                 clrtext      0000
__Hcode                                    code         0000
__Hcommon                                  common       0000
__Hconfig                                  config       2009
__HcstackBANK0                             cstackBANK0  0000
__HcstackBANK1                             cstackBANK1  0000
__HcstackCOMMON                            cstackCOMMON 0000
__HdataBANK0                               dataBANK0    0000
__HdataBANK1                               dataBANK1    0000
__Heeprom_data                             eeprom_data  0000
__Hend_init                                end_init     000D
__Hfunctab                                 functab      0000
__HidataBANK0                              idataBANK0   0000
__HidataBANK1                              idataBANK1   0000
__Hidloc                                   idloc        0000
__Hinit                                    init         000B
__Hintentry                                intentry     000B
__Hmaintext                                maintext     0000
__Hpowerup                                 powerup      0000
__Hram                                     ram          0000
__Hreset_vec                               reset_vec    0002
__Hsfr0                                    sfr0         0000
__Hsfr1                                    sfr1         0000
__Hsfr2                                    sfr2         0000
__Hsfr3                                    sfr3         0000
__Hspace_0                                 (abs)        2009
__Hspace_1                                 (abs)        00E5
__Hspace_2                                 (abs)        0000
__Hspace_3                                 (abs)        0003
__Hstack                                   stack        0000
__Hstrings                                 strings      0000
__Hstringtext                              stringtext   0000
__Htext                                    text         0000
__Labs1                                    abs1         0000
__Lbank0                                   bank0        0000
__Lbank1                                   bank1        0000
__Lbank2                                   bank2        0000
__Lbank3                                   bank3        0000
__LbssBANK1                                bssBANK1     0000
__LbssCOMMON                               bssCOMMON    0000
__LbssEEDATA                               bssEEDATA    0000
__Lcinit                                   cinit        000D
__Lclrtext                                 clrtext      0000
__Lcode                                    code         0000
__Lcommon                                  common       0000
__Lconfig                                  config       2007
__LcstackBANK0                             cstackBANK0  0000
__LcstackBANK1                             cstackBANK1  0000
__LcstackCOMMON                            cstackCOMMON 0000
__LdataBANK0                               dataBANK0    0000
__LdataBANK1                               dataBANK1    0000
__Leeprom_data                             eeprom_data  0000
__Lend_init                                end_init     000B
__Lfunctab                                 functab      0000
__LidataBANK0                              idataBANK0   0000
__LidataBANK1                              idataBANK1   0000
__Lidloc                                   idloc        0000
__Linit                                    init         000B
__Lintentry                                intentry     0004
__Lmaintext                                maintext     0000
__Lpowerup                                 powerup      0000
__Lram                                     ram          0000
__Lreset_vec                               reset_vec    0000
__Lsfr0                                    sfr0         0000
__Lsfr1                                    sfr1         0000
__Lsfr2                                    sfr2         0000
__Lsfr3                                    sfr3         0000
__Lspace_0                                 (abs)        0000
__Lspace_1                                 (abs)        0000
__Lspace_2                                 (abs)        0000
__Lspace_3                                 (abs)        0000
__Lstack                                   stack        0000
__Lstrings                                 strings      0000
__Lstringtext                              stringtext   0000
__Ltext                                    text         0000
__S0                                       (abs)        2009
__S1                                       (abs)        00E5
__S2                                       (abs)        0000
__S3                                       (abs)        2103
___awmod                                   text8        002B
___awmod@counter                           cstackBANK0  0033
___awmod@dividend                          cstackBANK0  0031
___awmod@divisor                           cstackBANK0  002F
___awmod@sign                              cstackBANK0  0034
___eecpymem                                text36       0D7B
___eecpymem@cp                             cstackCOMMON 0076
___eecpymem@from                           cstackCOMMON 0073
___eecpymem@size                           cstackCOMMON 0074
___eecpymem@to                             cstackCOMMON 0077
___eetoi                                   text35       0B15
___eetoi@addr                              cstackBANK0  0022
___eetoi@data                              cstackBANK0  0023
___int_sp                                  stack        0000
___itoee                                   text33       0AB1
___itoee@addr                              cstackBANK0  0029
___itoee@data                              cstackBANK0  0025
___latbits                                 (abs)        0001
___lbmod                                   text12       0C96
___lbmod@counter                           cstackCOMMON 0078
___lbmod@dividend                          cstackCOMMON 0077
___lbmod@divisor                           cstackCOMMON 0073
___lbmod@rem                               cstackCOMMON 0079
___lmul                                    text6        0F37
___lmul@multiplicand                       cstackBANK0  0024
___lmul@multiplier                         cstackBANK0  0020
___lmul@product                            cstackCOMMON 0074
___memcpyee                                text34       0E74
___memcpyee@from                           cstackCOMMON 0073
___memcpyee@ptr                            cstackCOMMON 0076
___memcpyee@size                           cstackCOMMON 0074
___memcpyee@to                             cstackCOMMON 0077
___sp                                      stack        0000
___stackhi                                 (abs)        0000
___stacklo                                 (abs)        0000
___wmul                                    text7        0CB9
___wmul@multiplicand                       cstackBANK0  0037
___wmul@multiplier                         cstackBANK0  0035
___wmul@product                            cstackBANK0  0039
__end_of_Buttons_Clear                     text59       0AA3
__end_of_Buttons_SetupInterrupts           text45       0A35
__end_of_Buttons_SetupPortB                text44       0800
__end_of_Buttons_SetupPortsAndInterrups    text43       0A3B
__end_of_Buttons_Update                    text57       0D7B
__end_of_Buttons_UpdateButton              text58       0C50
__end_of_DrawLogo                          text28       04F0
__end_of_DrawTetris                        text47       0E3E
__end_of_DrawTetrisGameColumn              text48       061A
__end_of_InterruptHandler                  text61       0C2F
__end_of_LCD_BlockWhileBusy                text53       0A48
__end_of_LCD_Clear                         text42       0D24
__end_of_LCD_IsBusy                        text54       0AB1
__end_of_LCD_ReadStatus                    text55       0AE0
__end_of_LCD_Reset                         text40       0B41
__end_of_LCD_SegmentSelection              text56       0AD0
__end_of_LCD_SetX                          text51       0A7D
__end_of_LCD_SetY                          text50       0A89
__end_of_LCD_SetZ                          text41       0A95
__end_of_LCD_SetupPorts                    text39       0C73
__end_of_LCD_TurnOn                        text38       0A5B
__end_of_LCD_Write                         text52       0B5C
__end_of_LCD_WriteData                     text49       0A66
__end_of_ResetTimer                        text46       0100
__end_of_Setup                             text29       0B94
__end_of_SetupOscillator                   text37       0A41
__end_of_SetupRandomness                   text31       0BEF
__end_of_SetupTimer                        text30       0A71
__end_of_ShowLogo                          text27       0B15
__end_of_Tetris_ApplyPlayerToTable         text25       06EE
__end_of_Tetris_ClearFilledRows            text9        0E09
__end_of_Tetris_CountUnitBits              text14       0F37
__end_of_Tetris_GetRandomUnit              text4        0D4F
__end_of_Tetris_MovePlayerDown             text3        0DD8
__end_of_Tetris_MovePlayerLeft             text21       079E
__end_of_Tetris_MovePlayerRight            text19       0747
__end_of_Tetris_PlayerOverlapsEnvironment  text24       0EF6
__end_of_Tetris_PlayerTopmostY             text26       0B02
__end_of_Tetris_PlayerTouchingLeftBound    text23       0BB2
__end_of_Tetris_PlayerTouchingRightBound   text20       0BD0
__end_of_Tetris_PlayerUnitBitsAreValid     text13       00FB
__end_of_Tetris_RemovePlayerFromTable      text22       0E74
__end_of_Tetris_ResetGame                  text15       0C0E
__end_of_Tetris_ResetPlayer                text16       0C96
__end_of_Tetris_RotatePlayer               text11       068A
__end_of_Tetris_ScoreForRowsCleared        text2        0CFF
__end_of_Tetris_SetPlayerUnit              text17       0AF0
__end_of_Tetris_ShiftTableDown             text10       0FBB
__end_of_Tetris_UpdateGame                 text1        00C4
__end_of_Tetris_UpdatePlayerUnitBits       text18       058B
__end_of_Tetris_playerStartingPosition     stringtext   0314
__end_of_Tetris_unitPivot                  stringtext   0316
__end_of_Tetris_units                      stringtext   0404
__end_of___awmod                           text8        0078
__end_of___eecpymem                        text36       0DA8
__end_of___eetoi                           text35       0B2A
__end_of___itoee                           text33       0AC0
__end_of___lbmod                           text12       0CB9
__end_of___lmul                            text6        0F78
__end_of___memcpyee                        text34       0EB5
__end_of___wmul                            text7        0CDC
__end_of__initialization                   cinit        0028
__end_of__stringtab                        stringtext   0112
__end_of_logoImage                         stringtext   0312
__end_of_main                              maintext     07F3
__end_of_memset                            text60       0B78
__end_of_rand                              text5        1000
__end_of_srand                             text32       0A51
__initialization                           cinit        000D
__pbssBANK1                                bssBANK1     00E3
__pbssCOMMON                               bssCOMMON    007A
__pbssEEDATA                               bssEEDATA    0000
__pcstackBANK0                             cstackBANK0  0020
__pcstackBANK1                             cstackBANK1  00A0
__pcstackCOMMON                            cstackCOMMON 0070
__pdataBANK0                               dataBANK0    0047
__pdataBANK1                               dataBANK1    00E4
__pidataBANK0                              idataBANK0   0A2B
__pidataBANK1                              idataBANK1   0003
__pintentry                                intentry     0004
__pmaintext                                maintext     079E
__pstringtext                              stringtext   0100
__ptext1                                   text1        0078
__ptext10                                  text10       0F78
__ptext11                                  text11       061A
__ptext12                                  text12       0C96
__ptext13                                  text13       00C4
__ptext14                                  text14       0EF6
__ptext15                                  text15       0BEF
__ptext16                                  text16       0C73
__ptext17                                  text17       0AE0
__ptext18                                  text18       04F0
__ptext19                                  text19       06EE
__ptext2                                   text2        0CDC
__ptext20                                  text20       0BB2
__ptext21                                  text21       0747
__ptext22                                  text22       0E3E
__ptext23                                  text23       0B94
__ptext24                                  text24       0EB5
__ptext25                                  text25       068A
__ptext26                                  text26       0AF0
__ptext27                                  text27       0B02
__ptext28                                  text28       0404
__ptext29                                  text29       0B78
__ptext3                                   text3        0DA8
__ptext30                                  text30       0A66
__ptext31                                  text31       0BD0
__ptext32                                  text32       0A48
__ptext33                                  text33       0AB1
__ptext34                                  text34       0E74
__ptext35                                  text35       0B15
__ptext36                                  text36       0D7B
__ptext37                                  text37       0A3B
__ptext38                                  text38       0A51
__ptext39                                  text39       0C50
__ptext4                                   text4        0D24
__ptext40                                  text40       0B2A
__ptext41                                  text41       0A89
__ptext42                                  text42       0CFF
__ptext43                                  text43       0A35
__ptext44                                  text44       07F3
__ptext45                                  text45       0A2F
__ptext46                                  text46       00FB
__ptext47                                  text47       0E09
__ptext48                                  text48       058B
__ptext49                                  text49       0A5B
__ptext5                                   text5        0FBB
__ptext50                                  text50       0A7D
__ptext51                                  text51       0A71
__ptext52                                  text52       0B41
__ptext53                                  text53       0A41
__ptext54                                  text54       0AA3
__ptext55                                  text55       0AD0
__ptext56                                  text56       0AC0
__ptext57                                  text57       0D4F
__ptext58                                  text58       0C2F
__ptext59                                  text59       0A95
__ptext6                                   text6        0F37
__ptext60                                  text60       0B5C
__ptext61                                  text61       0C0E
__ptext7                                   text7        0CB9
__ptext8                                   text8        002B
__ptext9                                   text9        0DD8
__size_of_Buttons_Clear                    (abs)        0000
__size_of_Buttons_SetupInterrupts          (abs)        0000
__size_of_Buttons_SetupPortB               (abs)        0000
__size_of_Buttons_SetupPortsAndInterrups   (abs)        0000
__size_of_Buttons_Update                   (abs)        0000
__size_of_Buttons_UpdateButton             (abs)        0000
__size_of_DrawLogo                         (abs)        0000
__size_of_DrawTetris                       (abs)        0000
__size_of_DrawTetrisGameColumn             (abs)        0000
__size_of_InterruptHandler                 (abs)        0000
__size_of_LCD_BlockWhileBusy               (abs)        0000
__size_of_LCD_Clear                        (abs)        0000
__size_of_LCD_IsBusy                       (abs)        0000
__size_of_LCD_ReadStatus                   (abs)        0000
__size_of_LCD_Reset                        (abs)        0000
__size_of_LCD_SegmentSelection             (abs)        0000
__size_of_LCD_SetX                         (abs)        0000
__size_of_LCD_SetY                         (abs)        0000
__size_of_LCD_SetZ                         (abs)        0000
__size_of_LCD_SetupPorts                   (abs)        0000
__size_of_LCD_TurnOn                       (abs)        0000
__size_of_LCD_Write                        (abs)        0000
__size_of_LCD_WriteData                    (abs)        0000
__size_of_ResetTimer                       (abs)        0000
__size_of_Setup                            (abs)        0000
__size_of_SetupOscillator                  (abs)        0000
__size_of_SetupRandomness                  (abs)        0000
__size_of_SetupTimer                       (abs)        0000
__size_of_ShowLogo                         (abs)        0000
__size_of_Tetris_ApplyPlayerToTable        (abs)        0000
__size_of_Tetris_ClearFilledRows           (abs)        0000
__size_of_Tetris_CountUnitBits             (abs)        0000
__size_of_Tetris_GetRandomUnit             (abs)        0000
__size_of_Tetris_MovePlayerDown            (abs)        0000
__size_of_Tetris_MovePlayerLeft            (abs)        0000
__size_of_Tetris_MovePlayerRight           (abs)        0000
__size_of_Tetris_PlayerOverlapsEnvironment (abs)        0000
__size_of_Tetris_PlayerTopmostY            (abs)        0000
__size_of_Tetris_PlayerTouchingLeftBound   (abs)        0000
__size_of_Tetris_PlayerTouchingRightBound  (abs)        0000
__size_of_Tetris_PlayerUnitBitsAreValid    (abs)        0000
__size_of_Tetris_RemovePlayerFromTable     (abs)        0000
__size_of_Tetris_ResetGame                 (abs)        0000
__size_of_Tetris_ResetPlayer               (abs)        0000
__size_of_Tetris_RotatePlayer              (abs)        0000
__size_of_Tetris_ScoreForRowsCleared       (abs)        0000
__size_of_Tetris_SetPlayerUnit             (abs)        0000
__size_of_Tetris_ShiftTableDown            (abs)        0000
__size_of_Tetris_UpdateGame                (abs)        0000
__size_of_Tetris_UpdatePlayerUnitBits      (abs)        0000
__size_of___awmod                          (abs)        0000
__size_of___eecpymem                       (abs)        0000
__size_of___eetoi                          (abs)        0000
__size_of___itoee                          (abs)        0000
__size_of___lbmod                          (abs)        0000
__size_of___lmul                           (abs)        0000
__size_of___memcpyee                       (abs)        0000
__size_of___wmul                           (abs)        0000
__size_of_main                             (abs)        0000
__size_of_memset                           (abs)        0000
__size_of_rand                             (abs)        0000
__size_of_srand                            (abs)        0000
__stringbase                               stringtext   0112
__stringtab                                stringtext   0100
_highscore                                 bssEEDATA    0000
_logoImage                                 stringtext   0112
_main                                      maintext     079E
_memset                                    text60       0B5C
_nRBPU                                     (abs)        040F
_rand                                      text5        0FBB
_randx                                     dataBANK0    0047
_srand                                     text32       0A48
_timerPrescaler                            dataBANK1    00E4
_uniqueSeed                                bssEEDATA    0001
_updateReady                               bssBANK1     00E3
btemp                                      (abs)        007E
end_of_initialization                      cinit        0028
interrupt_function                         intentry     0004
intlevel0                                  functab      0000
intlevel1                                  functab      0000
intlevel2                                  functab      0000
intlevel3                                  functab      0000
intlevel4                                  functab      0000
intlevel5                                  functab      0000
main@buttons                               cstackBANK1  00A0
main@tetrisGame                            cstackBANK1  00A4
memset@c                                   cstackCOMMON 0073
memset@n                                   cstackCOMMON 0075
memset@p                                   cstackCOMMON 0078
memset@p1                                  cstackCOMMON 0079
reset_vec                                  reset_vec    0000
saved_w                                    (abs)        007E
srand@x                                    cstackBANK0  0025
start                                      init         000B
start_initialization                       cinit        000D
wtemp0                                     (abs)        007E


FUNCTION INFORMATION:

 *************** function _main *****************
 Defined at:
		line 120 in file "main.c"
 Parameters:    Size  Location     Type
		None
 Auto vars:     Size  Location     Type
  tetrisGame     63    4[BANK1 ] struct .
  buttons         4    0[BANK1 ] struct .
 Return value:  Size  Location     Type
                  1    wreg      void 
 Registers used:
		wreg, fsr0l, fsr0h, status,2, status,0, btemp+1, pclath, cstack
 Tracked objects:
		On entry : 
		On exit  : 
		Unchanged: 
 Data sizes:     COMMON   BANK0   BANK1   BANK2
      Params:         0       0       0       0
      Locals:         0       0      67       0
      Temps:          0       1       0       0
      Totals:         0       1      67       0
Total ram usage:       68 bytes
 Hardware stack levels required when called:    8
 This function calls:
		_Buttons_Clear
		_Buttons_Update
		_DrawTetris
		_ResetTimer
		_Setup
		_ShowLogo
		_Tetris_GetRandomUnit
		_Tetris_MovePlayerLeft
		_Tetris_MovePlayerRight
		_Tetris_ResetGame
		_Tetris_RotatePlayer
		_Tetris_UpdateGame
 This function is called by:
		Startup code after reset
 This function uses a non-reentrant model


 *************** function _Tetris_UpdateGame *****************
 Defined at:
		line 351 in file "../Tetris/Tetris.c"
 Parameters:    Size  Location     Type
  game            1    wreg     PTR struct .
		 -> main@tetrisGame(63), 
 Auto vars:     Size  Location     Type
  game            1   37[BANK0 ] PTR struct .
		 -> main@tetrisGame(63), 
  rowsCleared     1   36[BANK0 ] unsigned char 
 Return value:  Size  Location     Type
                  1    wreg      enum E60
 Registers used:
		wreg, fsr0l, fsr0h, status,2, status,0, btemp+1, pclath, cstack
 Tracked objects:
		On entry : 
		On exit  : 
		Unchanged: 
 Data sizes:     COMMON   BANK0   BANK1   BANK2
      Params:         0       0       0       0
      Locals:         0       2       0       0
      Temps:          0       2       0       0
      Totals:         0       4       0       0
Total ram usage:        4 bytes
 Hardware stack levels used:    1
 Hardware stack levels required when called:    5
 This function calls:
		_Tetris_ApplyPlayerToTable
		_Tetris_ClearFilledRows
		_Tetris_GetRandomUnit
		_Tetris_MovePlayerDown
		_Tetris_PlayerOverlapsEnvironment
		_Tetris_ResetPlayer
		_Tetris_ScoreForRowsCleared
 This function is called by:
		_main
 This function uses a non-reentrant model


 *************** function _Tetris_ScoreForRowsCleared *****************
 Defined at:
		line 316 in file "../Tetris/Tetris.c"
 Parameters:    Size  Location     Type
  rowsCleared     1    wreg     unsigned char 
 Auto vars:     Size  Location     Type
  rowsCleared     1    5[COMMON] unsigned char 
 Return value:  Size  Location     Type
                  1    wreg      unsigned char 
 Registers used:
		wreg, fsr0l, fsr0h, status,2, status,0
 Tracked objects:
		On entry : 
		On exit  : 
		Unchanged: 
 Data sizes:     COMMON   BANK0   BANK1   BANK2
      Params:         0       0       0       0
      Locals:         1       0       0       0
      Temps:          2       0       0       0
      Totals:         3       0       0       0
Total ram usage:        3 bytes
 Hardware stack levels used:    1
 Hardware stack levels required when called:    1
 This function calls:
		Nothing
 This function is called by:
		_Tetris_UpdateGame
 This function uses a non-reentrant model


 *************** function _Tetris_MovePlayerDown *****************
 Defined at:
		line 387 in file "../Tetris/Tetris.c"
 Parameters:    Size  Location     Type
  game            1    wreg     PTR struct .
		 -> main@tetrisGame(63), 
 Auto vars:     Size  Location     Type
  game            1   13[BANK0 ] PTR struct .
		 -> main@tetrisGame(63), 
 Return value:  Size  Location     Type
                  1    wreg      unsigned char 
 Registers used:
		wreg, fsr0l, fsr0h, status,2, status,0, btemp+1, pclath, cstack
 Tracked objects:
		On entry : 
		On exit  : 
		Unchanged: 
 Data sizes:     COMMON   BANK0   BANK1   BANK2
      Params:         0       0       0       0
      Locals:         0       1       0       0
      Temps:          0       1       0       0
      Totals:         0       2       0       0
Total ram usage:        2 bytes
 Hardware stack levels used:    1
 Hardware stack levels required when called:    4
 This function calls:
		_Tetris_ApplyPlayerToTable
		_Tetris_PlayerOverlapsEnvironment
		_Tetris_RemovePlayerFromTable
 This function is called by:
		_Tetris_UpdateGame
 This function uses a non-reentrant model


 *************** function _Tetris_GetRandomUnit *****************
 Defined at:
		line 328 in file "../Tetris/Tetris.c"
 Parameters:    Size  Location     Type
		None
 Auto vars:     Size  Location     Type
		None
 Return value:  Size  Location     Type
                  2   12[BANK0 ] PTR const struct .
 Registers used:
		wreg, status,2, status,0, pclath, cstack
 Tracked objects:
		On entry : 
		On exit  : 
		Unchanged: 
 Data sizes:     COMMON   BANK0   BANK1   BANK2
      Params:         0       0       0       0
      Locals:         0       0       0       0
      Temps:          0       2       0       0
      Totals:         0       2       0       0
Total ram usage:        2 bytes
 Hardware stack levels used:    1
 Hardware stack levels required when called:    3
 This function calls:
		___awmod
		___wmul
		_rand
 This function is called by:
		_main
		_Tetris_UpdateGame
 This function uses a non-reentrant model


 *************** function _rand *****************
 Defined at:
		line 12 in file "C:\Program Files (x86)\Microchip\xc8\v2.05\pic\sources\c90\common\rand.c"
 Parameters:    Size  Location     Type
		None
 Auto vars:     Size  Location     Type
		None
 Return value:  Size  Location     Type
                  2    8[BANK0 ] int 
 Registers used:
		wreg, status,2, status,0, pclath, cstack
 Tracked objects:
		On entry : 
		On exit  : 
		Unchanged: 
 Data sizes:     COMMON   BANK0   BANK1   BANK2
      Params:         0       2       0       0
      Locals:         0       0       0       0
      Temps:          0       5       0       0
      Totals:         0       7       0       0
Total ram usage:        7 bytes
 Hardware stack levels used:    1
 Hardware stack levels required when called:    2
 This function calls:
		___lmul
 This function is called by:
		_Tetris_GetRandomUnit
 This function uses a non-reentrant model


 *************** function ___lmul *****************
 Defined at:
		line 15 in file "C:\Program Files (x86)\Microchip\xc8\v2.05\pic\sources\c90\common\Umul32.c"
 Parameters:    Size  Location     Type
  multiplier      4    0[BANK0 ] unsigned long 
  multiplicand    4    4[BANK0 ] unsigned long 
 Auto vars:     Size  Location     Type
  product         4    4[COMMON] unsigned long 
 Return value:  Size  Location     Type
                  4    0[BANK0 ] unsigned long 
 Registers used:
		wreg, status,2, status,0
 Tracked objects:
		On entry : 
		On exit  : 
		Unchanged: 
 Data sizes:     COMMON   BANK0   BANK1   BANK2
      Params:         0       8       0       0
      Locals:         4       0       0       0
      Temps:          1       0       0       0
      Totals:         5       8       0       0
Total ram usage:       13 bytes
 Hardware stack levels used:    1
 Hardware stack levels required when called:    1
 This function calls:
		Nothing
 This function is called by:
		_rand
 This function uses a non-reentrant model


 *************** function ___wmul *****************
 Defined at:
		line 15 in file "C:\Program Files (x86)\Microchip\xc8\v2.05\pic\sources\c90\common\Umul16.c"
 Parameters:    Size  Location     Type
  multiplier      2   21[BANK0 ] unsigned int 
  multiplicand    2   23[BANK0 ] unsigned int 
 Auto vars:     Size  Location     Type
  product         2   25[BANK0 ] unsigned int 
 Return value:  Size  Location     Type
                  2   21[BANK0 ] unsigned int 
 Registers used:
		wreg, status,2, status,0
 Tracked objects:
		On entry : 
		On exit  : 
		Unchanged: 
 Data sizes:     COMMON   BANK0   BANK1   BANK2
      Params:         0       4       0       0
      Locals:         0       2       0       0
      Temps:          0       0       0       0
      Totals:         0       6       0       0
Total ram usage:        6 bytes
 Hardware stack levels used:    1
 Hardware stack levels required when called:    1
 This function calls:
		Nothing
 This function is called by:
		_Tetris_GetRandomUnit
 This function uses a non-reentrant model


 *************** function ___awmod *****************
 Defined at:
		line 5 in file "C:\Program Files (x86)\Microchip\xc8\v2.05\pic\sources\c90\common\awmod.c"
 Parameters:    Size  Location     Type
  divisor         2   15[BANK0 ] int 
  dividend        2   17[BANK0 ] int 
 Auto vars:     Size  Location     Type
  sign            1   20[BANK0 ] unsigned char 
  counter         1   19[BANK0 ] unsigned char 
 Return value:  Size  Location     Type
                  2   15[BANK0 ] int 
 Registers used:
		wreg, status,2, status,0
 Tracked objects:
		On entry : 
		On exit  : 
		Unchanged: 
 Data sizes:     COMMON   BANK0   BANK1   BANK2
      Params:         0       4       0       0
      Locals:         0       2       0       0
      Temps:          1       0       0       0
      Totals:         1       6       0       0
Total ram usage:        7 bytes
 Hardware stack levels used:    1
 Hardware stack levels required when called:    1
 This function calls:
		Nothing
 This function is called by:
		_Tetris_GetRandomUnit
 This function uses a non-reentrant model


 *************** function _Tetris_ClearFilledRows *****************
 Defined at:
		line 367 in file "../Tetris/Tetris.c"
 Parameters:    Size  Location     Type
  gameTable       1    wreg     PTR unsigned int 
		 -> main@tetrisGame(63), 
 Auto vars:     Size  Location     Type
  gameTable       1    7[BANK0 ] PTR unsigned int 
		 -> main@tetrisGame(63), 
  i               1    8[BANK0 ] unsigned char 
  rowsCleared     1    6[BANK0 ] unsigned char 
 Return value:  Size  Location     Type
                  1    wreg      unsigned char 
 Registers used:
		wreg, fsr0l, fsr0h, status,2, status,0, pclath, cstack
 Tracked objects:
		On entry : 
		On exit  : 
		Unchanged: 
 Data sizes:     COMMON   BANK0   BANK1   BANK2
      Params:         0       0       0       0
      Locals:         0       3       0       0
      Temps:          0       4       0       0
      Totals:         0       7       0       0
Total ram usage:        7 bytes
 Hardware stack levels used:    1
 Hardware stack levels required when called:    2
 This function calls:
		_Tetris_ShiftTableDown
 This function is called by:
		_Tetris_UpdateGame
 This function uses a non-reentrant model


 *************** function _Tetris_ShiftTableDown *****************
 Defined at:
		line 302 in file "../Tetris/Tetris.c"
 Parameters:    Size  Location     Type
  gameTable       1    wreg     PTR unsigned int 
		 -> main@tetrisGame(63), 
  upto            1    3[COMMON] unsigned char 
 Auto vars:     Size  Location     Type
  gameTable       1    0[BANK0 ] PTR unsigned int 
		 -> main@tetrisGame(63), 
  i               1    1[BANK0 ] unsigned char 
 Return value:  Size  Location     Type
                  1    wreg      void 
 Registers used:
		wreg, fsr0l, fsr0h, status,2, status,0
 Tracked objects:
		On entry : 
		On exit  : 
		Unchanged: 
 Data sizes:     COMMON   BANK0   BANK1   BANK2
      Params:         1       0       0       0
      Locals:         0       2       0       0
      Temps:          6       0       0       0
      Totals:         7       2       0       0
Total ram usage:        9 bytes
 Hardware stack levels used:    1
 Hardware stack levels required when called:    1
 This function calls:
		Nothing
 This function is called by:
		_Tetris_ClearFilledRows
 This function uses a non-reentrant model


 *************** function _Tetris_RotatePlayer *****************
 Defined at:
		line 448 in file "../Tetris/Tetris.c"
 Parameters:    Size  Location     Type
  game            1    wreg     PTR struct .
		 -> main@tetrisGame(63), 
 Auto vars:     Size  Location     Type
  game            1   19[BANK0 ] PTR struct .
		 -> main@tetrisGame(63), 
  oldRotation     1   18[BANK0 ] unsigned char 
 Return value:  Size  Location     Type
                  1    wreg      void 
 Registers used:
		wreg, fsr0l, fsr0h, status,2, status,0, btemp+1, pclath, cstack
 Tracked objects:
		On entry : 
		On exit  : 
		Unchanged: 
 Data sizes:     COMMON   BANK0   BANK1   BANK2
      Params:         0       0       0       0
      Locals:         0       2       0       0
      Temps:          0       6       0       0
      Totals:         0       8       0       0
Total ram usage:        8 bytes
 Hardware stack levels used:    1
 Hardware stack levels required when called:    4
 This function calls:
		_Tetris_ApplyPlayerToTable
		_Tetris_PlayerOverlapsEnvironment
		_Tetris_PlayerUnitBitsAreValid
		_Tetris_RemovePlayerFromTable
		_Tetris_UpdatePlayerUnitBits
		___lbmod
 This function is called by:
		_main
 This function uses a non-reentrant model


 *************** function ___lbmod *****************
 Defined at:
		line 4 in file "C:\Program Files (x86)\Microchip\xc8\v2.05\pic\sources\c90\common\lbmod.c"
 Parameters:    Size  Location     Type
  dividend        1    wreg     unsigned char 
  divisor         1    3[COMMON] unsigned char 
 Auto vars:     Size  Location     Type
  dividend        1    7[COMMON] unsigned char 
  rem             1    9[COMMON] unsigned char 
  counter         1    8[COMMON] unsigned char 
 Return value:  Size  Location     Type
                  1    wreg      unsigned char 
 Registers used:
		wreg, status,2, status,0
 Tracked objects:
		On entry : 
		On exit  : 
		Unchanged: 
 Data sizes:     COMMON   BANK0   BANK1   BANK2
      Params:         1       0       0       0
      Locals:         3       0       0       0
      Temps:          3       0       0       0
      Totals:         7       0       0       0
Total ram usage:        7 bytes
 Hardware stack levels used:    1
 Hardware stack levels required when called:    1
 This function calls:
		Nothing
 This function is called by:
		_Tetris_RotatePlayer
 This function uses a non-reentrant model


 *************** function _Tetris_PlayerUnitBitsAreValid *****************
 Defined at:
		line 283 in file "../Tetris/Tetris.c"
 Parameters:    Size  Location     Type
  player          1    wreg     PTR const struct .
		 -> tetrisGame.player(13), main@tetrisGame(63), 
 Auto vars:     Size  Location     Type
  player          1    9[BANK0 ] PTR const struct .
		 -> tetrisGame.player(13), main@tetrisGame(63), 
 Return value:  Size  Location     Type
                  1    wreg      unsigned char 
 Registers used:
		wreg, fsr0l, fsr0h, status,2, status,0, btemp+1, pclath, cstack
 Tracked objects:
		On entry : 
		On exit  : 
		Unchanged: 
 Data sizes:     COMMON   BANK0   BANK1   BANK2
      Params:         0       0       0       0
      Locals:         0       1       0       0
      Temps:          0       4       0       0
      Totals:         0       5       0       0
Total ram usage:        5 bytes
 Hardware stack levels used:    1
 Hardware stack levels required when called:    3
 This function calls:
		_Tetris_CountUnitBits
 This function is called by:
		_Tetris_RotatePlayer
 This function uses a non-reentrant model


 *************** function _Tetris_CountUnitBits *****************
 Defined at:
		line 247 in file "../Tetris/Tetris.c"
 Parameters:    Size  Location     Type
  unitBits        2    3[COMMON] PTR const unsigned int 
		 -> tetrisGame.player(13), Tetris_units.bits(32), Tetris_units(238), main@tetrisGame(63), 
 Auto vars:     Size  Location     Type
  j               1    3[BANK0 ] unsigned char 
  mask            2    0[BANK0 ] unsigned int 
  i               1    4[BANK0 ] unsigned char 
  result          1    2[BANK0 ] unsigned char 
 Return value:  Size  Location     Type
                  1    wreg      unsigned char 
 Registers used:
		wreg, fsr0l, fsr0h, status,2, status,0, btemp+1, pclath
 Tracked objects:
		On entry : 
		On exit  : 
		Unchanged: 
 Data sizes:     COMMON   BANK0   BANK1   BANK2
      Params:         2       0       0       0
      Locals:         0       5       0       0
      Temps:          5       0       0       0
      Totals:         7       5       0       0
Total ram usage:       12 bytes
 Hardware stack levels used:    2
 Hardware stack levels required when called:    1
 This function calls:
		Nothing
 This function is called by:
		_Tetris_PlayerUnitBitsAreValid
 This function uses a non-reentrant model


 *************** function _Tetris_ResetGame *****************
 Defined at:
		line 344 in file "../Tetris/Tetris.c"
 Parameters:    Size  Location     Type
  game            1    wreg     PTR struct .
		 -> main@tetrisGame(63), 
  playerUnit      2   34[BANK0 ] PTR const struct .
		 -> Tetris_units(238), 
 Auto vars:     Size  Location     Type
  game            1   36[BANK0 ] PTR struct .
		 -> main@tetrisGame(63), 
 Return value:  Size  Location     Type
                  1    wreg      void 
 Registers used:
		wreg, fsr0l, fsr0h, status,2, status,0, btemp+1, pclath, cstack
 Tracked objects:
		On entry : 
		On exit  : 
		Unchanged: 
 Data sizes:     COMMON   BANK0   BANK1   BANK2
      Params:         0       2       0       0
      Locals:         0       1       0       0
      Temps:          0       0       0       0
      Totals:         0       3       0       0
Total ram usage:        3 bytes
 Hardware stack levels used:    1
 Hardware stack levels required when called:    5
 This function calls:
		_Tetris_ApplyPlayerToTable
		_Tetris_ResetPlayer
		_memset
 This function is called by:
		_main
 This function uses a non-reentrant model


 *************** function _Tetris_ResetPlayer *****************
 Defined at:
		line 295 in file "../Tetris/Tetris.c"
 Parameters:    Size  Location     Type
  player          1    wreg     PTR struct .
		 -> main@tetrisGame(63), 
  playerUnit      2   29[BANK0 ] PTR const struct .
		 -> Tetris_units(238), 
 Auto vars:     Size  Location     Type
  player          1   33[BANK0 ] PTR struct .
		 -> main@tetrisGame(63), 
 Return value:  Size  Location     Type
                  1    wreg      void 
 Registers used:
		wreg, fsr0l, fsr0h, status,2, status,0, btemp+1, pclath, cstack
 Tracked objects:
		On entry : 
		On exit  : 
		Unchanged: 
 Data sizes:     COMMON   BANK0   BANK1   BANK2
      Params:         0       2       0       0
      Locals:         0       1       0       0
      Temps:          0       2       0       0
      Totals:         0       5       0       0
Total ram usage:        5 bytes
 Hardware stack levels used:    1
 Hardware stack levels required when called:    4
 This function calls:
		_Tetris_SetPlayerUnit
 This function is called by:
		_Tetris_ResetGame
		_Tetris_UpdateGame
 This function uses a non-reentrant model


 *************** function _Tetris_SetPlayerUnit *****************
 Defined at:
		line 289 in file "../Tetris/Tetris.c"
 Parameters:    Size  Location     Type
  player          1    wreg     PTR struct .
		 -> main@tetrisGame(63), 
  unit            2    8[COMMON] PTR const struct .
		 -> Tetris_units(238), 
 Auto vars:     Size  Location     Type
  player          1   10[BANK0 ] PTR struct .
		 -> main@tetrisGame(63), 
 Return value:  Size  Location     Type
                  1    wreg      void 
 Registers used:
		wreg, fsr0l, fsr0h, status,2, status,0, btemp+1, pclath, cstack
 Tracked objects:
		On entry : 
		On exit  : 
		Unchanged: 
 Data sizes:     COMMON   BANK0   BANK1   BANK2
      Params:         2       0       0       0
      Locals:         0       1       0       0
      Temps:          0       0       0       0
      Totals:         2       1       0       0
Total ram usage:        3 bytes
 Hardware stack levels used:    1
 Hardware stack levels required when called:    3
 This function calls:
		_Tetris_UpdatePlayerUnitBits
 This function is called by:
		_Tetris_ResetPlayer
 This function uses a non-reentrant model


 *************** function _Tetris_UpdatePlayerUnitBits *****************
 Defined at:
		line 263 in file "../Tetris/Tetris.c"
 Parameters:    Size  Location     Type
  player          1    wreg     PTR struct .
		 -> main@tetrisGame(63), 
 Auto vars:     Size  Location     Type
  player          1    7[COMMON] PTR struct .
		 -> main@tetrisGame(63), 
  i               1    4[COMMON] unsigned char 
  i               1    3[COMMON] unsigned char 
  i               1    5[COMMON] unsigned char 
  shift           1    6[COMMON] char 
 Return value:  Size  Location     Type
                  1    wreg      void 
 Registers used:
		wreg, fsr0l, fsr0h, status,2, status,0, btemp+1, pclath
 Tracked objects:
		On entry : 
		On exit  : 
		Unchanged: 
 Data sizes:     COMMON   BANK0   BANK1   BANK2
      Params:         0       0       0       0
      Locals:         5       0       0       0
      Temps:          0      10       0       0
      Totals:         5      10       0       0
Total ram usage:       15 bytes
 Hardware stack levels used:    2
 Hardware stack levels required when called:    1
 This function calls:
		Nothing
 This function is called by:
		_Tetris_SetPlayerUnit
		_Tetris_RotatePlayer
 This function uses a non-reentrant model


 *************** function _Tetris_MovePlayerRight *****************
 Defined at:
		line 425 in file "../Tetris/Tetris.c"
 Parameters:    Size  Location     Type
  game            1    wreg     PTR struct .
		 -> main@tetrisGame(63), 
 Auto vars:     Size  Location     Type
  game            1   16[BANK0 ] PTR struct .
		 -> main@tetrisGame(63), 
[...]
 Registers used:
		wreg, fsr0l, fsr0h, status,2, status,0, pclath, cstack
 Tracked objects:
		On entry : 
		On exit  : 
		Unchanged: 
 Data sizes:     COMMON   BANK0   BANK1   BANK2
      Params:         0       0       0       0
      Locals:         0       6       0       0
      Temps:          0       1       0       0
      Totals:         0       7       0       0
Total ram usage:        7 bytes
 Hardware stack levels used:    1
 Hardware stack levels required when called:    7
 This function calls:
		_DrawTetrisGameColumn
 This function is called by:
		_main
 This function uses a non-reentrant model


 *************** function _DrawTetrisGameColumn *****************
 Defined at:
		line 17 in file "Drawing.c"
 Parameters:    Size  Location     Type
  tetrisGame      1    wreg     PTR struct .
		 -> main@tetrisGame(63), 
  x               1    2[BANK0 ] unsigned char 
  rightMask       2    3[BANK0 ] unsigned int 
  leftMask        2    5[BANK0 ] unsigned int 
 Auto vars:     Size  Location     Type
  tetrisGame      1    9[BANK0 ] PTR struct .
		 -> main@tetrisGame(63), 
  i               1   13[BANK0 ] unsigned char 
  gameRow         2   11[BANK0 ] unsigned int 
  lcdRow          1   15[BANK0 ] unsigned char 
  y               1   14[BANK0 ] unsigned char 
  tableY          1   10[BANK0 ] unsigned char 
 Return value:  Size  Location     Type
                  1    wreg      void 
 Registers used:
		wreg, fsr0l, fsr0h, status,2, status,0, pclath, cstack
 Tracked objects:
		On entry : 
		On exit  : 
		Unchanged: 
 Data sizes:     COMMON   BANK0   BANK1   BANK2
      Params:         0       5       0       0
      Locals:         0       7       0       0
      Temps:          0       2       0       0
      Totals:         0      14       0       0
Total ram usage:       14 bytes
 Hardware stack levels used:    1
 Hardware stack levels required when called:    6
 This function calls:
		_LCD_SegmentSelection
		_LCD_SetX
		_LCD_SetY
		_LCD_WriteData
 This function is called by:
		_DrawTetris
 This function uses a non-reentrant model


 *************** function _LCD_WriteData *****************
 Defined at:
		line 102 in file "LCD.c"
 Parameters:    Size  Location     Type
  data            1    wreg     unsigned char 
 Auto vars:     Size  Location     Type
  data            1    1[BANK0 ] unsigned char 
 Return value:  Size  Location     Type
                  1    wreg      void 
 Registers used:
		wreg, status,2, status,0, pclath, cstack
 Tracked objects:
		On entry : 
		On exit  : 
		Unchanged: 
 Data sizes:     COMMON   BANK0   BANK1   BANK2
      Params:         0       0       0       0
      Locals:         0       1       0       0
      Temps:          0       1       0       0
      Totals:         0       2       0       0
Total ram usage:        2 bytes
 Hardware stack levels used:    1
 Hardware stack levels required when called:    5
 This function calls:
		_LCD_Write
 This function is called by:
		_LCD_Clear
		_DrawTetrisGameColumn
		_DrawLogo
 This function uses a non-reentrant model


 *************** function _LCD_SetY *****************
 Defined at:
		line 130 in file "LCD.c"
 Parameters:    Size  Location     Type
  y               1    wreg     unsigned char 
 Auto vars:     Size  Location     Type
  y               1    1[BANK0 ] unsigned char 
 Return value:  Size  Location     Type
                  1    wreg      void 
 Registers used:
		wreg, status,2, status,0, pclath, cstack
 Tracked objects:
		On entry : 
		On exit  : 
		Unchanged: 
 Data sizes:     COMMON   BANK0   BANK1   BANK2
      Params:         0       0       0       0
      Locals:         0       1       0       0
      Temps:          0       1       0       0
      Totals:         0       2       0       0
Total ram usage:        2 bytes
 Hardware stack levels used:    1
 Hardware stack levels required when called:    5
 This function calls:
		_LCD_Write
 This function is called by:
		_LCD_Reset
		_LCD_Clear
		_DrawTetrisGameColumn
		_DrawLogo
		_DrawScore
 This function uses a non-reentrant model


 *************** function _LCD_SetX *****************
 Defined at:
		line 135 in file "LCD.c"
 Parameters:    Size  Location     Type
  x               1    wreg     unsigned char 
 Auto vars:     Size  Location     Type
  x               1    1[BANK0 ] unsigned char 
 Return value:  Size  Location     Type
                  1    wreg      void 
 Registers used:
		wreg, status,2, status,0, pclath, cstack
 Tracked objects:
		On entry : 
		On exit  : 
		Unchanged: 
 Data sizes:     COMMON   BANK0   BANK1   BANK2
      Params:         0       0       0       0
      Locals:         0       1       0       0
      Temps:          0       1       0       0
      Totals:         0       2       0       0
Total ram usage:        2 bytes
 Hardware stack levels used:    1
 Hardware stack levels required when called:    5
 This function calls:
		_LCD_Write
 This function is called by:
		_LCD_Reset
		_LCD_Clear
		_DrawTetrisGameColumn
		_DrawLogo
		_DrawScore
 This function uses a non-reentrant model


 *************** function _LCD_Write *****************
 Defined at:
		line 35 in file "LCD.c"
 Parameters:    Size  Location     Type
  mode            1    wreg     enum E1321
  data            1    8[COMMON] unsigned char 
 Auto vars:     Size  Location     Type
  mode            1    9[COMMON] enum E1321
 Return value:  Size  Location     Type
                  1    wreg      void 
 Registers used:
		wreg, status,2, status,0, pclath, cstack
 Tracked objects:
		On entry : 
		On exit  : 
		Unchanged: 
 Data sizes:     COMMON   BANK0   BANK1   BANK2
      Params:         1       0       0       0
      Locals:         1       0       0       0
      Temps:          0       0       0       0
      Totals:         2       0       0       0
Total ram usage:        2 bytes
 Hardware stack levels used:    1
 Hardware stack levels required when called:    4
 This function calls:
		_LCD_BlockWhileBusy
 This function is called by:
		_LCD_WriteData
		_LCD_TurnOn
		_LCD_SetY
		_LCD_SetX
		_LCD_SetZ
		_LCD_TurnOff
 This function uses a non-reentrant model


 *************** function _LCD_BlockWhileBusy *****************
 Defined at:
		line 28 in file "LCD.c"
 Parameters:    Size  Location     Type
		None
 Auto vars:     Size  Location     Type
		None
 Return value:  Size  Location     Type
                  1    wreg      void 
 Registers used:
		wreg, status,2, pclath, cstack
 Tracked objects:
		On entry : 
		On exit  : 
		Unchanged: 
 Data sizes:     COMMON   BANK0   BANK1   BANK2
      Params:         0       0       0       0
      Locals:         0       0       0       0
      Temps:          0       0       0       0
      Totals:         0       0       0       0
Total ram usage:        0 bytes
 Hardware stack levels used:    1
 Hardware stack levels required when called:    3
 This function calls:
		_LCD_IsBusy
 This function is called by:
		_LCD_Write
		_LCD_ReadData
 This function uses a non-reentrant model


 *************** function _LCD_IsBusy *****************
 Defined at:
		line 22 in file "LCD.c"
 Parameters:    Size  Location     Type
		None
 Auto vars:     Size  Location     Type
  status          1    7[COMMON] unsigned char 
 Return value:  Size  Location     Type
                  1    wreg      unsigned char 
 Registers used:
		wreg, status,2, pclath, cstack
 Tracked objects:
		On entry : 
		On exit  : 
		Unchanged: 
 Data sizes:     COMMON   BANK0   BANK1   BANK2
      Params:         0       0       0       0
      Locals:         2       0       0       0
      Temps:          1       0       0       0
      Totals:         3       0       0       0
Total ram usage:        3 bytes
 Hardware stack levels used:    1
 Hardware stack levels required when called:    2
 This function calls:
		_LCD_ReadStatus
 This function is called by:
		_LCD_BlockWhileBusy
 This function uses a non-reentrant model


 *************** function _LCD_ReadStatus *****************
 Defined at:
		line 80 in file "LCD.c"
 Parameters:    Size  Location     Type
		None
 Auto vars:     Size  Location     Type
  status          1    4[COMMON] unsigned char 
 Return value:  Size  Location     Type
                  1    wreg      unsigned char 
 Registers used:
		wreg
 Tracked objects:
		On entry : 
		On exit  : 
		Unchanged: 
 Data sizes:     COMMON   BANK0   BANK1   BANK2
      Params:         0       0       0       0
      Locals:         1       0       0       0
      Temps:          1       0       0       0
      Totals:         2       0       0       0
Total ram usage:        2 bytes
 Hardware stack levels used:    1
 Hardware stack levels required when called:    1
 This function calls:
		Nothing
 This function is called by:
		_LCD_IsBusy
 This function uses a non-reentrant model


 *************** function _LCD_SegmentSelection *****************
 Defined at:
		line 107 in file "LCD.c"
 Parameters:    Size  Location     Type
  segments        1    wreg     enum E1292
 Auto vars:     Size  Location     Type
  segments        1    3[COMMON] enum E1292
 Return value:  Size  Location     Type
                  1    wreg      void 
 Registers used:
		wreg
 Tracked objects:
		On entry : 
		On exit  : 
		Unchanged: 
 Data sizes:     COMMON   BANK0   BANK1   BANK2
      Params:         0       0       0       0
      Locals:         1       0       0       0
      Temps:          0       0       0       0
      Totals:         1       0       0       0
Total ram usage:        1 bytes
 Hardware stack levels used:    1
 Hardware stack levels required when called:    1
 This function calls:
		Nothing
 This function is called by:
		_Setup
		_DrawTetrisGameColumn
		_DrawLogo
		_DrawScore
 This function uses a non-reentrant model


 *************** function _Buttons_Update *****************
 Defined at:
		line 51 in file "Buttons.c"
 Parameters:    Size  Location     Type
  buttons         1    wreg     PTR struct .
		 -> main@buttons(4), 
 Auto vars:     Size  Location     Type
  buttons         1    6[COMMON] PTR struct .
		 -> main@buttons(4), 
 Return value:  Size  Location     Type
                  1    wreg      void 
 Registers used:
		wreg, fsr0l, fsr0h, status,2, status,0, pclath, cstack
 Tracked objects:
		On entry : 
		On exit  : 
		Unchanged: 
 Data sizes:     COMMON   BANK0   BANK1   BANK2
      Params:         0       0       0       0
      Locals:         1       0       0       0
      Temps:          0       0       0       0
      Totals:         1       0       0       0
Total ram usage:        1 bytes
 Hardware stack levels used:    1
 Hardware stack levels required when called:    2
 This function calls:
		_Buttons_UpdateButton
 This function is called by:
		_main
 This function uses a non-reentrant model


 *************** function _Buttons_UpdateButton *****************
 Defined at:
		line 26 in file "Buttons.c"
 Parameters:    Size  Location     Type
  button          1    wreg     PTR struct .
		 -> main@buttons(4), 
  nHeld           1    3[COMMON] unsigned char 
 Auto vars:     Size  Location     Type
  button          1    5[COMMON] PTR struct .
		 -> main@buttons(4), 
 Return value:  Size  Location     Type
                  1    wreg      void 
 Registers used:
		wreg, fsr0l, fsr0h, status,2, status,0
 Tracked objects:
		On entry : 
		On exit  : 
		Unchanged: 
 Data sizes:     COMMON   BANK0   BANK1   BANK2
      Params:         1       0       0       0
      Locals:         1       0       0       0
      Temps:          1       0       0       0
      Totals:         3       0       0       0
Total ram usage:        3 bytes
 Hardware stack levels used:    1
 Hardware stack levels required when called:    1
 This function calls:
		Nothing
 This function is called by:
		_Buttons_Update
 This function uses a non-reentrant model


 *************** function _Buttons_Clear *****************
 Defined at:
		line 46 in file "Buttons.c"
 Parameters:    Size  Location     Type
  buttons         1    wreg     PTR struct .
		 -> main@buttons(4), 
 Auto vars:     Size  Location     Type
  buttons         1    0[BANK0 ] PTR struct .
		 -> main@buttons(4), 
 Return value:  Size  Location     Type
                  1    wreg      void 
 Registers used:
		wreg, fsr0l, fsr0h, status,2, status,0, pclath, cstack
 Tracked objects:
		On entry : 
		On exit  : 
		Unchanged: 
 Data sizes:     COMMON   BANK0   BANK1   BANK2
      Params:         0       0       0       0
      Locals:         0       1       0       0
      Temps:          0       0       0       0
      Totals:         0       1       0       0
Total ram usage:        1 bytes
 Hardware stack levels used:    1
 Hardware stack levels required when called:    2
 This function calls:
		_memset
 This function is called by:
		_main
 This function uses a non-reentrant model


 *************** function _memset *****************
 Defined at:
		line 8 in file "C:\Program Files (x86)\Microchip\xc8\v2.05\pic\sources\c90\common\memset.c"
 Parameters:    Size  Location     Type
  p1              1    wreg     PTR void 
		 -> main@buttons(4), main@tetrisGame(63), 
  c               2    3[COMMON] int 
  n               2    5[COMMON] unsigned int 
 Auto vars:     Size  Location     Type
  p1              1    9[COMMON] PTR void 
		 -> main@buttons(4), main@tetrisGame(63), 
  p               1    8[COMMON] PTR unsigned char 
		 -> main@buttons(4), main@tetrisGame(63), 
 Return value:  Size  Location     Type
                  1    wreg      PTR void 
 Registers used:
		wreg, fsr0l, fsr0h, status,2, status,0
 Tracked objects:
		On entry : 
		On exit  : 
		Unchanged: 
 Data sizes:     COMMON   BANK0   BANK1   BANK2
      Params:         4       0       0       0
      Locals:         2       0       0       0
      Temps:          1       0       0       0
      Totals:         7       0       0       0
Total ram usage:        7 bytes
 Hardware stack levels used:    1
 Hardware stack levels required when called:    1
 This function calls:
		Nothing
 This function is called by:
		_Tetris_ResetGame
		_Buttons_Clear
 This function uses a non-reentrant model


 *************** function _InterruptHandler *****************
 Defined at:
		line 71 in file "main.c"
 Parameters:    Size  Location     Type
		None
 Auto vars:     Size  Location     Type
		None
 Return value:  Size  Location     Type
                  1    wreg      void 
 Registers used:
		wreg, status,2, status,0
 Tracked objects:
		On entry : 
		On exit  : 
		Unchanged: 
 Data sizes:     COMMON   BANK0   BANK1   BANK2
      Params:         0       0       0       0
      Locals:         0       0       0       0
      Temps:          3       0       0       0
      Totals:         3       0       0       0
Total ram usage:        3 bytes
 Hardware stack levels used:    1
 This function calls:
		Nothing
 This function is called by:
		Interrupt level 1
 This function uses a non-reentrant model



MODULE INFORMATION

Module		Function		Class		Link	Load	Size
../Tetris/Tetris.c
		_Tetris_ApplyPlayerToTable		CODE           	068A	0000	101
		_Tetris_UpdateGame		CODE           	0078	0000	77
		_Tetris_PlayerTouchingRightBound		CODE           	0BB2	0000	31
		_Tetris_MovePlayerRight		CODE           	06EE	0000	90
		_Tetris_RemovePlayerFromTable		CODE           	0E3E	0000	55
		_Tetris_RotatePlayer		CODE           	061A	0000	113
		_Tetris_ClearFilledRows		CODE           	0DD8	0000	50
		_Tetris_ScoreForRowsCleared		CODE           	0CDC	0000	36
		_Tetris_ShiftTableDown		CODE           	0F78	0000	68
		_Tetris_UpdatePlayerUnitBits		CODE           	04F0	0000	156
		_Tetris_ResetPlayer		CODE           	0C73	0000	36
		_Tetris_MovePlayerDown		CODE           	0DA8	0000	49
		_Tetris_PlayerOverlapsEnvironment		CODE           	0EB5	0000	66
		_Tetris_GetRandomUnit		CODE           	0D24	0000	44
		_Tetris_PlayerTopmostY		CODE           	0AF0	0000	19
		_Tetris_SetPlayerUnit		CODE           	0AE0	0000	17
		_Tetris_PlayerUnitBitsAreValid		CODE           	00C4	0000	56
		_Tetris_CountUnitBits		CODE           	0EF6	0000	66
		_Tetris_MovePlayerLeft		CODE           	0747	0000	88
		_Tetris_PlayerTouchingLeftBound		CODE           	0B94	0000	31
		_Tetris_ResetGame		CODE           	0BEF	0000	32

../Tetris/Tetris.c estimated size: 1281

Drawing.c
		_DrawTetrisGameColumn		CODE           	058B	0000	144
		_DrawTetris    		CODE           	0E09	0000	54
		_DrawLogo      		CODE           	0404	0000	237

Drawing.c estimated size: 435

C:\Program Files (x86)\Microchip\xc8\v2.05\pic\sources\c90\common\awmod.c
		___awmod       		CODE           	002B	0000	78

C:\Program Files (x86)\Microchip\xc8\v2.05\pic\sources\c90\common\awmod.c estimated size: 78

C:\Program Files (x86)\Microchip\xc8\v2.05\pic\sources\c90\common\Umul16.c
		___wmul        		CODE           	0CB9	0000	36

C:\Program Files (x86)\Microchip\xc8\v2.05\pic\sources\c90\common\Umul16.c estimated size: 36

C:\Program Files (x86)\Microchip\xc8\v2.05\pic\sources\c90\common\lbmod.c
		___lbmod       		CODE           	0C96	0000	36

C:\Program Files (x86)\Microchip\xc8\v2.05\pic\sources\c90\common\lbmod.c estimated size: 36

Buttons.c
		_Buttons_SetupPortB		CODE           	07F3	0000	14
		_Buttons_SetupInterrupts		CODE           	0A2F	0000	7
		_Buttons_UpdateButton		CODE           	0C2F	0000	34
		_Buttons_Clear 		CODE           	0A95	0000	15
		_Buttons_Update		CODE           	0D4F	0000	45
		_Buttons_SetupPortsAndInterrups		CODE           	0A35	0000	7

Buttons.c estimated size: 122

C:\Program Files (x86)\Microchip\xc8\v2.05\pic\sources\c90\pic\__eeprom.c
		___memcpyee    		CODE           	0E74	0000	66
		___eetoi       		CODE           	0B15	0000	22
		___itoee       		CODE           	0AB1	0000	16
		___eecpymem    		CODE           	0D7B	0000	46

C:\Program Files (x86)\Microchip\xc8\v2.05\pic\sources\c90\pic\__eeprom.c estimated size: 150

shared
		_Tetris_unitPivot		STRCODE        	0314	0000	3
		__stringtab    		STRCODE        	0100	0000	19
		_logoImage     		STRCODE        	0112	0000	513
		_Tetris_playerStartingPosition		STRCODE        	0312	0000	3
		__initialization		CODE           	000D	0000	28
		_Tetris_units  		STRCODE        	0316	0000	239

shared estimated size: 805

C:\Program Files (x86)\Microchip\xc8\v2.05\pic\sources\c90\common\Umul32.c
		___lmul        		CODE           	0F37	0000	66

C:\Program Files (x86)\Microchip\xc8\v2.05\pic\sources\c90\common\Umul32.c estimated size: 66

C:\Program Files (x86)\Microchip\xc8\v2.05\pic\sources\c90\common\rand.c
		_srand         		CODE           	0A48	0000	10
		_rand          		CODE           	0FBB	0000	70

C:\Program Files (x86)\Microchip\xc8\v2.05\pic\sources\c90\common\rand.c estimated size: 80

C:\Program Files (x86)\Microchip\xc8\v2.05\pic\sources\c90\common\memset.c
		_memset        		CODE           	0B5C	0000	29

C:\Program Files (x86)\Microchip\xc8\v2.05\pic\sources\c90\common\memset.c estimated size: 29

main.c
		_main          		CODE           	079E	0000	86
		_ShowLogo      		CODE           	0B02	0000	20
		_SetupOscillator		CODE           	0A3B	0000	7
		_InterruptHandler		CODE           	0C0E	0000	34
		_Setup         		CODE           	0B78	0000	29
		_SetupTimer    		CODE           	0A66	0000	12
		_ResetTimer    		CODE           	00FB	0000	6
		_SetupRandomness		CODE           	0BD0	0000	32

main.c estimated size: 226

LCD.c
		_LCD_SegmentSelection		CODE           	0AC0	0000	17
		_LCD_BlockWhileBusy		CODE           	0A41	0000	8
		_LCD_SetX      		CODE           	0A71	0000	13
		_LCD_SetY      		CODE           	0A7D	0000	13
		_LCD_SetZ      		CODE           	0A89	0000	13
		_LCD_ReadStatus		CODE           	0AD0	0000	17
		_LCD_Reset     		CODE           	0B2A	0000	24
		_LCD_SetupPorts		CODE           	0C50	0000	36
		_LCD_TurnOn    		CODE           	0A51	0000	11
		_LCD_Clear     		CODE           	0CFF	0000	38
		_LCD_Write     		CODE           	0B41	0000	28
		_LCD_IsBusy    		CODE           	0AA3	0000	15
		_LCD_WriteData 		CODE           	0A5B	0000	12

LCD.c estimated size: 245

