Microchip MPLAB XC8 Compiler V2.05 ()

Linker command line:

-W-3 --edf=C:\Program Files (x86)\Microchip\xc8\v2.05\pic\dat\en_msgs.txt \
  -cs -h+dist/default/production\Embedded.X.production.sym \
  --cmf=dist/default/production\Embedded.X.production.cmf -z -Q16F884 \
  -oC:\Users\ALECEI~1\AppData\Local\Temp\s8ec.3 --defsym=__MPLAB_BUILD=1 \
  -Mdist/default/production/Embedded.X.production.map -E1 -ver=XC8 \
  --acfsm=1493 -ASTACK=0120h-016Fh -pstack=STACK -ACODE=00h-07FFhx2 \
  -ASTRCODE=00h-0FFFh -ASTRING=00h-0FFhx16 -ACONST=00h-0FFhx16 \
  -AENTRY=00h-0FFhx16 -ACOMMON=070h-07Fh -ABANK0=020h-06Fh \
  -ABANK1=0A0h-0EFh -ABANK2=0120h-016Fh \
  -ARAM=020h-06Fh,0A0h-0EFh,0120h-016Fh \
  -AABS1=020h-07Fh,0A0h-0EFh,0120h-016Fh -ASFR0=00h-01Fh -ASFR1=080h-09Fh \
  -ASFR2=0100h-011Fh -ASFR3=0180h-01EFh \
  -preset_vec=00h,intentry=04h,init,end_init -ppowerup=CODE -pcinit=CODE \
  -pfunctab=ENTRY -ACONFIG=02007h-02008h -pconfig=CONFIG -DCONFIG=2 \
  -AIDLOC=02000h-02003h -pidloc=IDLOC -DIDLOC=2 -AEEDATA=00h-0FFh/02100h \
  -peeprom_data=EEDATA -DEEDATA=2 -DCODE=2 -DSTRCODE=2 -DSTRING=2 -DCONST=2 \
  -DENTRY=2 -k C:\Users\ALECEI~1\AppData\Local\Temp\s8ec.o \
  dist/default/production\Embedded.X.production.o 

Object code version is 3.11

Machine type is 16F884



                Name                               Link     Load   Length Selector   Space Scale
C:\Users\ALECEI~1\AppData\Local\Temp\s8ec.o
                end_init                              B        B        2        8       0
                reset_vec                             0        0        2        0       0
                config                             2007     2007        2     400E       0
dist/default/production\Embedded.X.production.o
                cinit                                 D        D       1E        8       0
                intentry                              4        4        7        8       0
                text51                              F55      F55       21     1EAA       0
                text50                              EDE      EDE       1C     1DBC       0
                text49                              E70      E70        E     1CE0       0
                text48                              E06      E06        6     1C0C       0
                text47                              E63      E63        D     1CC6       0
                text46                              E0C      E0C        6     1C18       0
                text45                              F76      F76       21     1EEC       0
                text44                               2B       2B       2C        8       0
                text43                              E8C      E8C       10     1D18       0
                text42                              E7E      E7E        E     1CFC       0
                text41                              E18      E18        7     1C30       0
                text40                              EC3      EC3       1B     1D86       0
                text39                              E3F      E3F        C     1C7E       0
                text38                              E4B      E4B        C     1C96       0
                text37                              E29      E29        B     1C52       0
                text36                               82       82       25        8       0
                text35                              E57      E57        C     1CAE       0
                text34                              EAC      EAC       17     1D58       0
                text33                              F97      F97       23     1F2E       0
                text32                              E1F      E1F        A     1C3E       0
                text31                              E9C      E9C       10     1D38       0
                text30                              204      204       AE      408       0
                text29                              E01      E01        5     1C02       0
                text28                              E12      E12        6     1C24       0
                text27                              E34      E34        B     1C68       0
                text26                              7EB      7EB       12      408       0
                text25                              425      425       64      408       0
                text24                              6DC      6DC       41      408       0
                text23                              EFA      EFA       1E     1DF4       0
                text22                              754      754       36      408       0
                text21                              4E2      4E2       57      408       0
                text20                              F18      F18       1E     1E30       0
                text19                              489      489       59      408       0
                text18                              2B2      2B2       9B      408       0
                text17                               ED       ED       10        8       0
                text16                              FBA      FBA       23     1F74       0
                text15                              F36      F36       1F     1E6C       0
                text14                              69B      69B       41      408       0
                text13                              71D      71D       37      408       0
                text12                              FDD      FDD       23     1FBA       0
                text11                              34D      34D       70      408       0
                text10                              617      617       43      408       0
                text9                               78A      78A       31      408       0
                text8                               539      539       4D      408       0
                text7                                CA       CA       23        8       0
                text6                               65A      65A       41      408       0
                text5                               5D2      5D2       45      408       0
                text4                                57       57       2B        8       0
                text3                               7BB      7BB       30      408       0
                text2                                A7       A7       23        8       0
                text1                               586      586       4C      408       0
                maintext                            3BD      3BD       68      408       0
                cstackBANK0                          20       20       27       20       1
                cstackCOMMON                         70       70        A       70       1
                cstackBANK1                          A0       A0       43       A0       1
                dataBANK1                            E4       E4        1       A0       1
                bssBANK1                             E3       E3        1       A0       1
                dataBANK0                            47       47        4       20       1
                bssCOMMON                            7A       7A        1       70       1
                stringtext                          100      100      104        2       0
                idataBANK1                          7FD      7FD        1      408       0
                idataBANK0                          DFD      DFD        4     1BFA       0

TOTAL           Name                               Link     Load   Length     Space
        CLASS   STACK          

        CLASS   CODE           
                end_init                              B        B        2         0
                cinit                                 D        D       1E         0
                intentry                              4        4        7         0
                reset_vec                             0        0        2         0
                text51                              F55      F55       21         0
                text50                              EDE      EDE       1C         0
                text49                              E70      E70        E         0
                text48                              E06      E06        6         0
                text47                              E63      E63        D         0
                text46                              E0C      E0C        6         0
                text45                              F76      F76       21         0
                text44                               2B       2B       2C         0
                text43                              E8C      E8C       10         0
                text42                              E7E      E7E        E         0
                text41                              E18      E18        7         0
                text40                              EC3      EC3       1B         0
                text39                              E3F      E3F        C         0
                text38                              E4B      E4B        C         0
                text37                              E29      E29        B         0
                text36                               82       82       25         0
                text35                              E57      E57        C         0
                text34                              EAC      EAC       17         0
                text33                              F97      F97       23         0
                text32                              E1F      E1F        A         0
                text31                              E9C      E9C       10         0
                text30                              204      204       AE         0
                text29                              E01      E01        5         0
                text28                              E12      E12        6         0
                text27                              E34      E34        B         0
                text26                              7EB      7EB       12         0
                text25                              425      425       64         0
                text24                              6DC      6DC       41         0
                text23                              EFA      EFA       1E         0
                text22                              754      754       36         0
                text21                              4E2      4E2       57         0
                text20                              F18      F18       1E         0
                text19                              489      489       59         0
                text18                              2B2      2B2       9B         0
                text17                               ED       ED       10         0
                text16                              FBA      FBA       23         0
                text15                              F36      F36       1F         0
                text14                              69B      69B       41         0
                text13                              71D      71D       37         0
                text12                              FDD      FDD       23         0
                text11                              34D      34D       70         0
                text10                              617      617       43         0
                text9                               78A      78A       31         0
                text8                               539      539       4D         0
                text7                                CA       CA       23         0
                text6                               65A      65A       41         0
                text5                               5D2      5D2       45         0
                text4                                57       57       2B         0
                text3                               7BB      7BB       30         0
                text2                                A7       A7       23         0
                text1                               586      586       4C         0
                maintext                            3BD      3BD       68         0
                idataBANK1                          7FD      7FD        1         0
                idataBANK0                          DFD      DFD        4         0

        CLASS   STRCODE        
                stringtext                          100      100      104         0

        CLASS   STRING         

        CLASS   CONST          

        CLASS   ENTRY          

        CLASS   COMMON         
                cstackCOMMON                         70       70        A         1
                bssCOMMON                            7A       7A        1         1

        CLASS   BANK0          
                cstackBANK0                          20       20       27         1
                dataBANK0                            47       47        4         1

        CLASS   BANK1          
                cstackBANK1                          A0       A0       43         1
                dataBANK1                            E4       E4        1         1
                bssBANK1                             E3       E3        1         1

        CLASS   BANK2          

        CLASS   RAM            

        CLASS   ABS1           
                abs_s1                               7E       7E        2         1

        CLASS   SFR0           

        CLASS   SFR1           

        CLASS   SFR2           

        CLASS   SFR3           

        CLASS   CONFIG         
                config                             2007     2007        2         0

        CLASS   IDLOC          

        CLASS   EEDATA         

        CLASS   BANK3          



SEGMENTS        Name                           Load    Length   Top    Selector   Space  Class     Delta

                reset_vec                      000000  000002  000002         0       0  CODE        2
                intentry                       000004  0000F9  0000FD         8       0  CODE        2
                cstackBANK0                    000020  00002B  00004B        20       1  BANK0       1
                cstackCOMMON                   000070  00000B  00007B        70       1  COMMON      1
                cstackBANK1                    0000A0  000045  0000E5        A0       1  BANK1       1
                stringtext                     000100  000104  000204         2       0  STRCODE     2
                text30                         000204  0005FA  0007FE       408       0  CODE        2
                idataBANK0                     000DFD  000004  000E01      1BFA       0  CODE        2
                text29                         000E01  000005  000E06      1C02       0  CODE        2
                text48                         000E06  000006  000E0C      1C0C       0  CODE        2
                text46                         000E0C  000006  000E12      1C18       0  CODE        2
                text28                         000E12  000006  000E18      1C24       0  CODE        2
                text41                         000E18  000007  000E1F      1C30       0  CODE        2
                text32                         000E1F  00000A  000E29      1C3E       0  CODE        2
                text37                         000E29  00000B  000E34      1C52       0  CODE        2
                text27                         000E34  00000B  000E3F      1C68       0  CODE        2
                text39                         000E3F  00000C  000E4B      1C7E       0  CODE        2
                text38                         000E4B  00000C  000E57      1C96       0  CODE        2
                text35                         000E57  00000C  000E63      1CAE       0  CODE        2
                text47                         000E63  00000D  000E70      1CC6       0  CODE        2
                text49                         000E70  00000E  000E7E      1CE0       0  CODE        2
                text42                         000E7E  00000E  000E8C      1CFC       0  CODE        2
                text43                         000E8C  000010  000E9C      1D18       0  CODE        2
                text31                         000E9C  000010  000EAC      1D38       0  CODE        2
                text34                         000EAC  000017  000EC3      1D58       0  CODE        2
                text40                         000EC3  00001B  000EDE      1D86       0  CODE        2
                text50                         000EDE  00001C  000EFA      1DBC       0  CODE        2
                text23                         000EFA  00001E  000F18      1DF4       0  CODE        2
                text20                         000F18  00001E  000F36      1E30       0  CODE        2
                text15                         000F36  00001F  000F55      1E6C       0  CODE        2
                text51                         000F55  000021  000F76      1EAA       0  CODE        2
                text45                         000F76  000021  000F97      1EEC       0  CODE        2
                text33                         000F97  000023  000FBA      1F2E       0  CODE        2
                text16                         000FBA  000023  000FDD      1F74       0  CODE        2
                text12                         000FDD  000023  001000      1FBA       0  CODE        2
                config                         002007  000002  002009      400E       0  CONFIG      2


UNUSED ADDRESS RANGES

        Name                Unused          Largest block    Delta
        BANK0            004B-006F             25           1
        BANK1            00E5-00EF              B           1
        BANK2            0120-016F             50           1
        CODE             0002-0003              2           2
                         00FD-00FF              3
                         07FE-0DFC              2
        COMMON           007B-007D              3           1
        CONST            0002-0003              2           2
                         00FD-00FF              3
                         07FE-0DFC            100
        EEDATA           2100-21FF            100           2
        ENTRY            0002-0003              2           2
                         00FD-00FF              3
                         07FE-0DFC            100
        IDLOC            2000-2003              4           2
        RAM              004B-006F             25           1
                         00E5-00EF              B
                         0120-016F             50
        SFR0             0000-001F             20           1
        SFR1             0080-009F             20           1
        SFR2             0100-011F             20           1
        SFR3             0180-01EF             70           1
        STACK            0120-016F             50           1
        STRCODE          0002-0003              2           2
                         00FD-00FF              3
                         07FE-0DFC            5FF
        STRING           0002-0003              2           2
                         00FD-00FF              3
                         07FE-0DFC            100

                                  Symbol Table

?_Tetris_GetRandomUnit                     cstackBANK0  002C
?___awmod                                  cstackBANK0  002F
?___lmul                                   cstackBANK0  0020
?___wmul                                   cstackBANK0  0035
?_rand                                     cstackBANK0  0028
Buttons_Clear@buttons                      cstackBANK0  0020
Buttons_Update@buttons                     cstackCOMMON 0076
Buttons_UpdateButton@button                cstackCOMMON 0075
Buttons_UpdateButton@nHeld                 cstackCOMMON 0073
InterruptHandler@timerInterruptCounter     bssCOMMON    007A
LCD_Clear@x                                cstackBANK0  0024
LCD_Clear@y                                cstackBANK0  0023
LCD_IsBusy@status                          cstackCOMMON 0077
LCD_ReadStatus@status                      cstackCOMMON 0074
LCD_SegmentSelection@segments              cstackCOMMON 0073
LCD_SetX@x                                 cstackBANK0  0021
LCD_SetY@y                                 cstackBANK0  0021
LCD_SetZ@z                                 cstackBANK0  0021
LCD_Write@data                             cstackCOMMON 0078
LCD_Write@mode                             cstackCOMMON 0079
LCD_WriteData@data                         cstackBANK0  0021
RedrawTetrisOnLCD@gameRow                  cstackBANK0  002A
RedrawTetrisOnLCD@i                        cstackBANK0  002C
RedrawTetrisOnLCD@lcdRow                   cstackBANK0  002F
RedrawTetrisOnLCD@leftMask                 cstackBANK0  0025
RedrawTetrisOnLCD@rightMask                cstackBANK0  0027
RedrawTetrisOnLCD@tableY                   cstackBANK0  0029
RedrawTetrisOnLCD@tetrisGame               cstackBANK0  0024
RedrawTetrisOnLCD@x                        cstackBANK0  002E
RedrawTetrisOnLCD@y                        cstackBANK0  002D
Tetris_ApplyPlayerToTable@game             cstackCOMMON 0079
Tetris_ApplyPlayerToTable@i                cstackCOMMON 0077
Tetris_ApplyPlayerToTable@i_303            cstackCOMMON 0078
Tetris_ApplyPlayerToTable@start            cstackCOMMON 0076
Tetris_ClearFilledRows@gameTable           cstackBANK0  0027
Tetris_ClearFilledRows@i                   cstackBANK0  0028
Tetris_ClearFilledRows@rowsCleared         cstackBANK0  0026
Tetris_CountUnitBits@i                     cstackBANK0  0024
Tetris_CountUnitBits@j                     cstackBANK0  0023
Tetris_CountUnitBits@mask                  cstackBANK0  0020
Tetris_CountUnitBits@result                cstackBANK0  0022
Tetris_CountUnitBits@unitBits              cstackCOMMON 0073
Tetris_MovePlayerDown@game                 cstackBANK0  002D
Tetris_MovePlayerLeft@game                 cstackBANK0  0030
Tetris_MovePlayerLeft@i                    cstackBANK0  002E
Tetris_MovePlayerLeft@i_438                cstackBANK0  002F
Tetris_MovePlayerRight@game                cstackBANK0  0030
Tetris_MovePlayerRight@i                   cstackBANK0  002E
Tetris_MovePlayerRight@i_452               cstackBANK0  002F
Tetris_PlayerOverlapsEnvironment@game      cstackCOMMON 0078
Tetris_PlayerOverlapsEnvironment@i         cstackCOMMON 0077
Tetris_PlayerOverlapsEnvironment@start     cstackCOMMON 0076
Tetris_PlayerTopmostY@player               cstackCOMMON 0075
Tetris_PlayerTouchingLeftBound@i           cstackCOMMON 0078
Tetris_PlayerTouchingLeftBound@player      cstackCOMMON 0077
Tetris_PlayerTouchingRightBound@i          cstackCOMMON 0078
Tetris_PlayerTouchingRightBound@player     cstackCOMMON 0077
Tetris_PlayerUnitBitsAreValid@player       cstackBANK0  0029
Tetris_RemovePlayerFromTable@game          cstackCOMMON 0077
Tetris_RemovePlayerFromTable@i             cstackCOMMON 0078
Tetris_RemovePlayerFromTable@start         cstackCOMMON 0076
Tetris_ResetGame@game                      cstackBANK0  0044
Tetris_ResetGame@playerUnit                cstackBANK0  0042
Tetris_ResetPlayer@player                  cstackBANK0  0041
Tetris_ResetPlayer@playerUnit              cstackBANK0  003D
Tetris_RotatePlayer@game                   cstackBANK0  0033
Tetris_RotatePlayer@oldRotation            cstackBANK0  0032
Tetris_ScoreForRowsCleared@rowsCleared     cstackCOMMON 0075
Tetris_SetPlayerUnit@player                cstackBANK0  002A
Tetris_SetPlayerUnit@unit                  cstackCOMMON 0078
Tetris_ShiftTableDown@gameTable            cstackBANK0  0020
Tetris_ShiftTableDown@i                    cstackBANK0  0021
Tetris_ShiftTableDown@upto                 cstackCOMMON 0073
Tetris_UpdateGame@game                     cstackBANK0  0045
Tetris_UpdateGame@rowsCleared              cstackBANK0  0044
Tetris_UpdatePlayerUnitBits@i              cstackCOMMON 0075
Tetris_UpdatePlayerUnitBits@i_323          cstackCOMMON 0073
Tetris_UpdatePlayerUnitBits@i_324          cstackCOMMON 0074
Tetris_UpdatePlayerUnitBits@player         cstackCOMMON 0077
Tetris_UpdatePlayerUnitBits@shift          cstackCOMMON 0076
_ANSEL                                     (abs)        0188
_ANSELH                                    (abs)        0189
_Buttons_Clear                             text49       0E70
_Buttons_SetupInterrupts                   text48       0E06
_Buttons_SetupPortB                        text47       0E63
_Buttons_SetupPortsAndInterrups            text46       0E0C
_Buttons_Update                            text44       002B
_Buttons_UpdateButton                      text45       0F76
_GIE                                       (abs)        005F
_INTE                                      (abs)        005C
_INTEDG                                    (abs)        040E
_INTF                                      (abs)        0059
_IRCF0                                     (abs)        047C
_IRCF1                                     (abs)        047D
_IRCF2                                     (abs)        047E
_InterruptHandler                          text51       0F55
_LCD_BlockWhileBusy                        text41       0E18
_LCD_Clear                                 text36       0082
_LCD_IsBusy                                text42       0E7E
_LCD_IsBusy$575                            cstackCOMMON 0076
_LCD_ReadStatus                            text43       0E8C
_LCD_Reset                                 text34       0EAC
_LCD_SegmentSelection                      text31       0E9C
_LCD_SetX                                  text39       0E3F
_LCD_SetY                                  text38       0E4B
_LCD_SetZ                                  text35       0E57
_LCD_SetupPorts                            text33       0F97
_LCD_TurnOn                                text32       0E1F
_LCD_Write                                 text40       0EC3
_LCD_WriteData                             text37       0E29
_PEIE                                      (abs)        005E
_PORTA                                     (abs)        0005
_PORTB                                     (abs)        0006
_PORTC                                     (abs)        0007
_PORTD                                     (abs)        0008
_RB1                                       (abs)        0031
_RB2                                       (abs)        0032
_RB3                                       (abs)        0033
_RB4                                       (abs)        0034
_RC0                                       (abs)        0038
_RC1                                       (abs)        0039
_RC2                                       (abs)        003A
_RC3                                       (abs)        003B
_RD0                                       (abs)        0040
_RD1                                       (abs)        0041
_RedrawTetrisOnLCD                         text30       0204
_ResetTimer                                text29       0E01
_SetupOscillator                           text28       0E12
_SetupTimer                                text27       0E34
_T1CKPS0                                   (abs)        0084
_T1CKPS1                                   (abs)        0085
_TMR1                                      (abs)        000E
_TMR1CS                                    (abs)        0081
_TMR1IE                                    (abs)        0460
_TMR1IF                                    (abs)        0060
_TMR1ON                                    (abs)        0080
_TRISA                                     (abs)        0085
_TRISB                                     (abs)        0086
_TRISC                                     (abs)        0087
_TRISD                                     (abs)        0088
_Tetris_ApplyPlayerToTable                 text25       0425
_Tetris_ClearFilledRows                    text9        078A
_Tetris_CountUnitBits                      text14       069B
_Tetris_GetRandomUnit                      text4        0057
_Tetris_MovePlayerDown                     text3        07BB
_Tetris_MovePlayerLeft                     text21       04E2
_Tetris_MovePlayerRight                    text19       0489
_Tetris_PlayerOverlapsEnvironment          text24       06DC
_Tetris_PlayerTopmostY                     text26       07EB
_Tetris_PlayerTouchingLeftBound            text23       0EFA
_Tetris_PlayerTouchingRightBound           text20       0F18
_Tetris_PlayerUnitBitsAreValid             text13       071D
_Tetris_RemovePlayerFromTable              text22       0754
_Tetris_ResetGame                          text15       0F36
_Tetris_ResetPlayer                        text16       0FBA
_Tetris_RotatePlayer                       text11       034D
_Tetris_ScoreForRowsCleared                text2        00A7
_Tetris_SetPlayerUnit                      text17       00ED
_Tetris_ShiftTableDown                     text10       0617
_Tetris_UpdateGame                         text1        0586
_Tetris_UpdatePlayerUnitBits               text18       02B2
_Tetris_playerStartingPosition             stringtext   0112
_Tetris_unitPivot                          stringtext   0114
_Tetris_units                              stringtext   0116
_WPUB                                      (abs)        0095
__CFG_BOR4V$BOR40V                         (abs)        0000
__CFG_BOREN$OFF                            (abs)        0000
__CFG_CP$OFF                               (abs)        0000
__CFG_CPD$OFF                              (abs)        0000
__CFG_FCMEN$OFF                            (abs)        0000
__CFG_FOSC$INTRC_NOCLKOUT                  (abs)        0000
__CFG_IESO$OFF                             (abs)        0000
__CFG_LVP$OFF                              (abs)        0000
__CFG_MCLRE$ON                             (abs)        0000
__CFG_PWRTE$OFF                            (abs)        0000
__CFG_WDTE$OFF                             (abs)        0000
__CFG_WRT$OFF                              (abs)        0000
__Habs1                                    abs1         0000
__Hbank0                                   bank0        0000
__Hbank1                                   bank1        0000
__Hbank2                                   bank2        0000
__Hbank3                                   bank3        0000
__HbssBANK1                                bssBANK1     0000
__HbssCOMMON                               bssCOMMON    0000
__Hcinit                                   cinit        002B
__Hclrtext                                 clrtext      0000
__Hcode                                    code         0000
__Hcommon                                  common       0000
__Hconfig                                  config       2009
__HcstackBANK0                             cstackBANK0  0000
__HcstackBANK1                             cstackBANK1  0000
__HcstackCOMMON                            cstackCOMMON 0000
__HdataBANK0                               dataBANK0    0000
__HdataBANK1                               dataBANK1    0000
__Heeprom_data                             eeprom_data  0000
__Hend_init                                end_init     000D
__Hfunctab                                 functab      0000
__HidataBANK0                              idataBANK0   0000
__HidataBANK1                              idataBANK1   0000
__Hidloc                                   idloc        0000
__Hinit                                    init         000B
__Hintentry                                intentry     000B
__Hmaintext                                maintext     0000
__Hpowerup                                 powerup      0000
__Hram                                     ram          0000
__Hreset_vec                               reset_vec    0002
__Hsfr0                                    sfr0         0000
__Hsfr1                                    sfr1         0000
__Hsfr2                                    sfr2         0000
__Hsfr3                                    sfr3         0000
__Hspace_0                                 (abs)        2009
__Hspace_1                                 (abs)        00E5
__Hspace_2                                 (abs)        0000
__Hspace_3                                 (abs)        0000
__Hstack                                   stack        0000
__Hstrings                                 strings      0000
__Hstringtext                              stringtext   0000
__Htext                                    text         0000
__Labs1                                    abs1         0000
__Lbank0                                   bank0        0000
__Lbank1                                   bank1        0000
__Lbank2                                   bank2        0000
__Lbank3                                   bank3        0000
__LbssBANK1                                bssBANK1     0000
__LbssCOMMON                               bssCOMMON    0000
__Lcinit                                   cinit        000D
__Lclrtext                                 clrtext      0000
__Lcode                                    code         0000
__Lcommon                                  common       0000
__Lconfig                                  config       2007
__LcstackBANK0                             cstackBANK0  0000
__LcstackBANK1                             cstackBANK1  0000
__LcstackCOMMON                            cstackCOMMON 0000
__LdataBANK0                               dataBANK0    0000
__LdataBANK1                               dataBANK1    0000
__Leeprom_data                             eeprom_data  0000
__Lend_init                                end_init     000B
__Lfunctab                                 functab      0000
__LidataBANK0                              idataBANK0   0000
__LidataBANK1                              idataBANK1   0000
__Lidloc                                   idloc        0000
__Linit                                    init         000B
__Lintentry                                intentry     0004
__Lmaintext                                maintext     0000
__Lpowerup                                 powerup      0000
__Lram                                     ram          0000
__Lreset_vec                               reset_vec    0000
__Lsfr0                                    sfr0         0000
__Lsfr1                                    sfr1         0000
__Lsfr2                                    sfr2         0000
__Lsfr3                                    sfr3         0000
__Lspace_0                                 (abs)        0000
__Lspace_1                                 (abs)        0000
__Lspace_2                                 (abs)        0000
__Lspace_3                                 (abs)        0000
__Lstack                                   stack        0000
__Lstrings                                 strings      0000
__Lstringtext                              stringtext   0000
__Ltext                                    text         0000
__S0                                       (abs)        2009
__S1                                       (abs)        00E5
__S2                                       (abs)        0000
__S3                                       (abs)        0000
___awmod                                   text8        0539
___awmod@counter                           cstackBANK0  0033
___awmod@dividend                          cstackBANK0  0031
___awmod@divisor                           cstackBANK0  002F
___awmod@sign                              cstackBANK0  0034
___int_sp                                  stack        0000
___latbits                                 (abs)        0001
___lbmod                                   text12       0FDD
___lbmod@counter                           cstackCOMMON 0078
___lbmod@dividend                          cstackCOMMON 0077
___lbmod@divisor                           cstackCOMMON 0073
___lbmod@rem                               cstackCOMMON 0079
___lmul                                    text6        065A
___lmul@multiplicand                       cstackBANK0  0024
___lmul@multiplier                         cstackBANK0  0020
___lmul@product                            cstackCOMMON 0074
___sp                                      stack        0000
___stackhi                                 (abs)        0000
___stacklo                                 (abs)        0000
___wmul                                    text7        00CA
___wmul@multiplicand                       cstackBANK0  0037
___wmul@multiplier                         cstackBANK0  0035
___wmul@product                            cstackBANK0  0039
__end_of_Buttons_Clear                     text49       0E7E
__end_of_Buttons_SetupInterrupts           text48       0E0C
__end_of_Buttons_SetupPortB                text47       0E70
__end_of_Buttons_SetupPortsAndInterrups    text46       0E12
__end_of_Buttons_Update                    text44       0057
__end_of_Buttons_UpdateButton              text45       0F97
__end_of_InterruptHandler                  text51       0F76
__end_of_LCD_BlockWhileBusy                text41       0E1F
__end_of_LCD_Clear                         text36       00A7
__end_of_LCD_IsBusy                        text42       0E8C
__end_of_LCD_ReadStatus                    text43       0E9C
__end_of_LCD_Reset                         text34       0EC3
__end_of_LCD_SegmentSelection              text31       0EAC
__end_of_LCD_SetX                          text39       0E4B
__end_of_LCD_SetY                          text38       0E57
__end_of_LCD_SetZ                          text35       0E63
__end_of_LCD_SetupPorts                    text33       0FBA
__end_of_LCD_TurnOn                        text32       0E29
__end_of_LCD_Write                         text40       0EDE
__end_of_LCD_WriteData                     text37       0E34
__end_of_RedrawTetrisOnLCD                 text30       02B2
__end_of_ResetTimer                        text29       0E06
__end_of_SetupOscillator                   text28       0E18
__end_of_SetupTimer                        text27       0E3F
__end_of_Tetris_ApplyPlayerToTable         text25       0489
__end_of_Tetris_ClearFilledRows            text9        07BB
__end_of_Tetris_CountUnitBits              text14       06DC
__end_of_Tetris_GetRandomUnit              text4        0082
__end_of_Tetris_MovePlayerDown             text3        07EB
__end_of_Tetris_MovePlayerLeft             text21       0539
__end_of_Tetris_MovePlayerRight            text19       04E2
__end_of_Tetris_PlayerOverlapsEnvironment  text24       071D
__end_of_Tetris_PlayerTopmostY             text26       07FD
__end_of_Tetris_PlayerTouchingLeftBound    text23       0F18
__end_of_Tetris_PlayerTouchingRightBound   text20       0F36
__end_of_Tetris_PlayerUnitBitsAreValid     text13       0754
__end_of_Tetris_RemovePlayerFromTable      text22       078A
__end_of_Tetris_ResetGame                  text15       0F55
__end_of_Tetris_ResetPlayer                text16       0FDD
__end_of_Tetris_RotatePlayer               text11       03BD
__end_of_Tetris_ScoreForRowsCleared        text2        00CA
__end_of_Tetris_SetPlayerUnit              text17       00FD
__end_of_Tetris_ShiftTableDown             text10       065A
__end_of_Tetris_UpdateGame                 text1        05D2
__end_of_Tetris_UpdatePlayerUnitBits       text18       034D
__end_of_Tetris_playerStartingPosition     stringtext   0114
__end_of_Tetris_unitPivot                  stringtext   0116
__end_of_Tetris_units                      stringtext   0204
__end_of___awmod                           text8        0586
__end_of___lbmod                           text12       1000
__end_of___lmul                            text6        069B
__end_of___wmul                            text7        00ED
__end_of__initialization                   cinit        0028
__end_of__stringtab                        stringtext   0112
__end_of_main                              maintext     0425
__end_of_memset                            text50       0EFA
__end_of_rand                              text5        0617
__initialization                           cinit        000D
__pbssBANK1                                bssBANK1     00E3
__pbssCOMMON                               bssCOMMON    007A
__pcstackBANK0                             cstackBANK0  0020
__pcstackBANK1                             cstackBANK1  00A0
__pcstackCOMMON                            cstackCOMMON 0070
__pdataBANK0                               dataBANK0    0047
__pdataBANK1                               dataBANK1    00E4
__pidataBANK0                              idataBANK0   0DFD
__pidataBANK1                              idataBANK1   07FD
__pintentry                                intentry     0004
__pmaintext                                maintext     03BD
__pstringtext                              stringtext   0100
__ptext1                                   text1        0586
__ptext10                                  text10       0617
__ptext11                                  text11       034D
__ptext12                                  text12       0FDD
__ptext13                                  text13       071D
__ptext14                                  text14       069B
__ptext15                                  text15       0F36
__ptext16                                  text16       0FBA
__ptext17                                  text17       00ED
__ptext18                                  text18       02B2
__ptext19                                  text19       0489
__ptext2                                   text2        00A7
__ptext20                                  text20       0F18
__ptext21                                  text21       04E2
__ptext22                                  text22       0754
__ptext23                                  text23       0EFA
__ptext24                                  text24       06DC
__ptext25                                  text25       0425
__ptext26                                  text26       07EB
__ptext27                                  text27       0E34
__ptext28                                  text28       0E12
__ptext29                                  text29       0E01
__ptext3                                   text3        07BB
__ptext30                                  text30       0204
__ptext31                                  text31       0E9C
__ptext32                                  text32       0E1F
__ptext33                                  text33       0F97
__ptext34                                  text34       0EAC
__ptext35                                  text35       0E57
__ptext36                                  text36       0082
__ptext37                                  text37       0E29
__ptext38                                  text38       0E4B
__ptext39                                  text39       0E3F
__ptext4                                   text4        0057
__ptext40                                  text40       0EC3
__ptext41                                  text41       0E18
__ptext42                                  text42       0E7E
__ptext43                                  text43       0E8C
__ptext44                                  text44       002B
__ptext45                                  text45       0F76
__ptext46                                  text46       0E0C
__ptext47                                  text47       0E63
__ptext48                                  text48       0E06
__ptext49                                  text49       0E70
__ptext5                                   text5        05D2
__ptext50                                  text50       0EDE
__ptext51                                  text51       0F55
__ptext6                                   text6        065A
__ptext7                                   text7        00CA
__ptext8                                   text8        0539
__ptext9                                   text9        078A
__size_of_Buttons_Clear                    (abs)        0000
__size_of_Buttons_SetupInterrupts          (abs)        0000
__size_of_Buttons_SetupPortB               (abs)        0000
__size_of_Buttons_SetupPortsAndInterrups   (abs)        0000
__size_of_Buttons_Update                   (abs)        0000
__size_of_Buttons_UpdateButton             (abs)        0000
__size_of_InterruptHandler                 (abs)        0000
__size_of_LCD_BlockWhileBusy               (abs)        0000
__size_of_LCD_Clear                        (abs)        0000
__size_of_LCD_IsBusy                       (abs)        0000
__size_of_LCD_ReadStatus                   (abs)        0000
__size_of_LCD_Reset                        (abs)        0000
__size_of_LCD_SegmentSelection             (abs)        0000
__size_of_LCD_SetX                         (abs)        0000
__size_of_LCD_SetY                         (abs)        0000
__size_of_LCD_SetZ                         (abs)        0000
__size_of_LCD_SetupPorts                   (abs)        0000
__size_of_LCD_TurnOn                       (abs)        0000
__size_of_LCD_Write                        (abs)        0000
__size_of_LCD_WriteData                    (abs)        0000
__size_of_RedrawTetrisOnLCD                (abs)        0000
__size_of_ResetTimer                       (abs)        0000
__size_of_SetupOscillator                  (abs)        0000
__size_of_SetupTimer                       (abs)        0000
__size_of_Tetris_ApplyPlayerToTable        (abs)        0000
__size_of_Tetris_ClearFilledRows           (abs)        0000
__size_of_Tetris_CountUnitBits             (abs)        0000
__size_of_Tetris_GetRandomUnit             (abs)        0000
__size_of_Tetris_MovePlayerDown            (abs)        0000
__size_of_Tetris_MovePlayerLeft            (abs)        0000
__size_of_Tetris_MovePlayerRight           (abs)        0000
__size_of_Tetris_PlayerOverlapsEnvironment (abs)        0000
__size_of_Tetris_PlayerTopmostY            (abs)        0000
__size_of_Tetris_PlayerTouchingLeftBound   (abs)        0000
__size_of_Tetris_PlayerTouchingRightBound  (abs)        0000
__size_of_Tetris_PlayerUnitBitsAreValid    (abs)        0000
__size_of_Tetris_RemovePlayerFromTable     (abs)        0000
__size_of_Tetris_ResetGame                 (abs)        0000
__size_of_Tetris_ResetPlayer               (abs)        0000
__size_of_Tetris_RotatePlayer              (abs)        0000
__size_of_Tetris_ScoreForRowsCleared       (abs)        0000
__size_of_Tetris_SetPlayerUnit             (abs)        0000
__size_of_Tetris_ShiftTableDown            (abs)        0000
__size_of_Tetris_UpdateGame                (abs)        0000
__size_of_Tetris_UpdatePlayerUnitBits      (abs)        0000
__size_of___awmod                          (abs)        0000
__size_of___lbmod                          (abs)        0000
__size_of___lmul                           (abs)        0000
__size_of___wmul                           (abs)        0000
__size_of_main                             (abs)        0000
__size_of_memset                           (abs)        0000
__size_of_rand                             (abs)        0000
__stringbase                               stringtext   0112
__stringtab                                stringtext   0100
_main                                      maintext     03BD
_memset                                    text50       0EDE
_nRBPU                                     (abs)        040F
_rand                                      text5        05D2
_randx                                     dataBANK0    0047
_timerPrescaler                            dataBANK1    00E4
_updateReady                               bssBANK1     00E3
btemp                                      (abs)        007E
end_of_initialization                      cinit        0028
interrupt_function                         intentry     0004
intlevel0                                  functab      0000
intlevel1                                  functab      0000
intlevel2                                  functab      0000
intlevel3                                  functab      0000
intlevel4                                  functab      0000
intlevel5                                  functab      0000
main@buttons                               cstackBANK1  00A0
main@tetrisGame                            cstackBANK1  00A4
memset@c                                   cstackCOMMON 0073
memset@n                                   cstackCOMMON 0075
memset@p                                   cstackCOMMON 0078
memset@p1                                  cstackCOMMON 0079
reset_vec                                  reset_vec    0000
saved_w                                    (abs)        007E
start                                      init         000B
start_initialization                       cinit        000D
wtemp0                                     (abs)        007E


FUNCTION INFORMATION:

 *************** function _main *****************
 Defined at:
		line 86 in file "main.c"
 Parameters:    Size  Location     Type
		None
 Auto vars:     Size  Location     Type
  tetrisGame     63    4[BANK1 ] struct .
  buttons         4    0[BANK1 ] struct .
 Return value:  Size  Location     Type
                  1    wreg      void 
 Registers used:
		wreg, fsr0l, fsr0h, status,2, status,0, btemp+1, pclath, cstack
 Tracked objects:
		On entry : 
		On exit  : 
		Unchanged: 
 Data sizes:     COMMON   BANK0   BANK1   BANK2
      Params:         0       0       0       0
      Locals:         0       0      67       0
      Temps:          0       1       0       0
      Totals:         0       1      67       0
Total ram usage:       68 bytes
 Hardware stack levels required when called:    7
 This function calls:
		_Buttons_Clear
		_Buttons_SetupPortsAndInterrups
		_Buttons_Update
		_LCD_Clear
		_LCD_Reset
		_LCD_SegmentSelection
		_LCD_SetupPorts
		_LCD_TurnOn
		_RedrawTetrisOnLCD
		_ResetTimer
		_SetupOscillator
		_SetupTimer
		_Tetris_GetRandomUnit
		_Tetris_MovePlayerLeft
		_Tetris_MovePlayerRight
		_Tetris_ResetGame
		_Tetris_RotatePlayer
		_Tetris_UpdateGame
 This function is called by:
		Startup code after reset
 This function uses a non-reentrant model


 *************** function _Tetris_UpdateGame *****************
 Defined at:
		line 350 in file "../Tetris/Tetris.c"
 Parameters:    Size  Location     Type
  game            1    wreg     PTR struct .
		 -> main@tetrisGame(63), 
 Auto vars:     Size  Location     Type
  game            1   37[BANK0 ] PTR struct .
		 -> main@tetrisGame(63), 
  rowsCleared     1   36[BANK0 ] unsigned char 
 Return value:  Size  Location     Type
                  1    wreg      enum E60
 Registers used:
		wreg, fsr0l, fsr0h, status,2, status,0, btemp+1, pclath, cstack
 Tracked objects:
		On entry : 
		On exit  : 
		Unchanged: 
 Data sizes:     COMMON   BANK0   BANK1   BANK2
      Params:         0       0       0       0
      Locals:         0       2       0       0
      Temps:          0       2       0       0
      Totals:         0       4       0       0
Total ram usage:        4 bytes
 Hardware stack levels used:    1
 Hardware stack levels required when called:    5
 This function calls:
		_Tetris_ApplyPlayerToTable
		_Tetris_ClearFilledRows
		_Tetris_GetRandomUnit
		_Tetris_MovePlayerDown
		_Tetris_PlayerOverlapsEnvironment
		_Tetris_ResetPlayer
		_Tetris_ScoreForRowsCleared
 This function is called by:
		_main
 This function uses a non-reentrant model


 *************** function _Tetris_ScoreForRowsCleared *****************
 Defined at:
		line 315 in file "../Tetris/Tetris.c"
 Parameters:    Size  Location     Type
  rowsCleared     1    wreg     unsigned char 
 Auto vars:     Size  Location     Type
  rowsCleared     1    5[COMMON] unsigned char 
 Return value:  Size  Location     Type
                  1    wreg      unsigned char 
 Registers used:
		wreg, fsr0l, fsr0h, status,2, status,0
 Tracked objects:
		On entry : 
		On exit  : 
		Unchanged: 
 Data sizes:     COMMON   BANK0   BANK1   BANK2
      Params:         0       0       0       0
      Locals:         1       0       0       0
      Temps:          2       0       0       0
      Totals:         3       0       0       0
Total ram usage:        3 bytes
 Hardware stack levels used:    1
 Hardware stack levels required when called:    1
 This function calls:
		Nothing
 This function is called by:
		_Tetris_UpdateGame
 This function uses a non-reentrant model


 *************** function _Tetris_MovePlayerDown *****************
 Defined at:
		line 386 in file "../Tetris/Tetris.c"
 Parameters:    Size  Location     Type
  game            1    wreg     PTR struct .
		 -> main@tetrisGame(63), 
 Auto vars:     Size  Location     Type
  game            1   13[BANK0 ] PTR struct .
		 -> main@tetrisGame(63), 
 Return value:  Size  Location     Type
                  1    wreg      unsigned char 
 Registers used:
		wreg, fsr0l, fsr0h, status,2, status,0, btemp+1, pclath, cstack
 Tracked objects:
		On entry : 
		On exit  : 
		Unchanged: 
 Data sizes:     COMMON   BANK0   BANK1   BANK2
      Params:         0       0       0       0
      Locals:         0       1       0       0
      Temps:          0       1       0       0
      Totals:         0       2       0       0
Total ram usage:        2 bytes
 Hardware stack levels used:    1
 Hardware stack levels required when called:    4
 This function calls:
		_Tetris_ApplyPlayerToTable
		_Tetris_PlayerOverlapsEnvironment
		_Tetris_RemovePlayerFromTable
 This function is called by:
		_Tetris_UpdateGame
 This function uses a non-reentrant model


 *************** function _Tetris_GetRandomUnit *****************
 Defined at:
		line 327 in file "../Tetris/Tetris.c"
 Parameters:    Size  Location     Type
		None
 Auto vars:     Size  Location     Type
		None
 Return value:  Size  Location     Type
                  2   12[BANK0 ] PTR const struct .
 Registers used:
		wreg, status,2, status,0, pclath, cstack
 Tracked objects:
		On entry : 
		On exit  : 
		Unchanged: 
 Data sizes:     COMMON   BANK0   BANK1   BANK2
      Params:         0       0       0       0
      Locals:         0       0       0       0
      Temps:          0       2       0       0
      Totals:         0       2       0       0
Total ram usage:        2 bytes
 Hardware stack levels used:    1
 Hardware stack levels required when called:    3
 This function calls:
		___awmod
		___wmul
		_rand
 This function is called by:
		_main
		_Tetris_UpdateGame
 This function uses a non-reentrant model


 *************** function _rand *****************
 Defined at:
		line 12 in file "C:\Program Files (x86)\Microchip\xc8\v2.05\pic\sources\c90\common\rand.c"
 Parameters:    Size  Location     Type
		None
 Auto vars:     Size  Location     Type
		None
 Return value:  Size  Location     Type
                  2    8[BANK0 ] int 
 Registers used:
		wreg, status,2, status,0, pclath, cstack
 Tracked objects:
		On entry : 
		On exit  : 
		Unchanged: 
 Data sizes:     COMMON   BANK0   BANK1   BANK2
      Params:         0       2       0       0
      Locals:         0       0       0       0
      Temps:          0       5       0       0
      Totals:         0       7       0       0
Total ram usage:        7 bytes
 Hardware stack levels used:    1
 Hardware stack levels required when called:    2
 This function calls:
		___lmul
 This function is called by:
		_Tetris_GetRandomUnit
 This function uses a non-reentrant model


 *************** function ___lmul *****************
 Defined at:
		line 15 in file "C:\Program Files (x86)\Microchip\xc8\v2.05\pic\sources\c90\common\Umul32.c"
 Parameters:    Size  Location     Type
  multiplier      4    0[BANK0 ] unsigned long 
  multiplicand    4    4[BANK0 ] unsigned long 
 Auto vars:     Size  Location     Type
  product         4    4[COMMON] unsigned long 
 Return value:  Size  Location     Type
                  4    0[BANK0 ] unsigned long 
 Registers used:
		wreg, status,2, status,0
 Tracked objects:
		On entry : 
		On exit  : 
		Unchanged: 
 Data sizes:     COMMON   BANK0   BANK1   BANK2
      Params:         0       8       0       0
      Locals:         4       0       0       0
      Temps:          1       0       0       0
      Totals:         5       8       0       0
Total ram usage:       13 bytes
 Hardware stack levels used:    1
 Hardware stack levels required when called:    1
 This function calls:
		Nothing
 This function is called by:
		_rand
 This function uses a non-reentrant model


 *************** function ___wmul *****************
 Defined at:
		line 15 in file "C:\Program Files (x86)\Microchip\xc8\v2.05\pic\sources\c90\common\Umul16.c"
 Parameters:    Size  Location     Type
  multiplier      2   21[BANK0 ] unsigned int 
  multiplicand    2   23[BANK0 ] unsigned int 
 Auto vars:     Size  Location     Type
  product         2   25[BANK0 ] unsigned int 
 Return value:  Size  Location     Type
                  2   21[BANK0 ] unsigned int 
 Registers used:
		wreg, status,2, status,0
 Tracked objects:
		On entry : 
		On exit  : 
		Unchanged: 
 Data sizes:     COMMON   BANK0   BANK1   BANK2
      Params:         0       4       0       0
      Locals:         0       2       0       0
      Temps:          0       0       0       0
      Totals:         0       6       0       0
Total ram usage:        6 bytes
 Hardware stack levels used:    1
 Hardware stack levels required when called:    1
 This function calls:
		Nothing
 This function is called by:
		_Tetris_GetRandomUnit
 This function uses a non-reentrant model


 *************** function ___awmod *****************
 Defined at:
		line 5 in file "C:\Program Files (x86)\Microchip\xc8\v2.05\pic\sources\c90\common\awmod.c"
 Parameters:    Size  Location     Type
  divisor         2   15[BANK0 ] int 
  dividend        2   17[BANK0 ] int 
 Auto vars:     Size  Location     Type
  sign            1   20[BANK0 ] unsigned char 
  counter         1   19[BANK0 ] unsigned char 
 Return value:  Size  Location     Type
                  2   15[BANK0 ] int 
 Registers used:
		wreg, status,2, status,0
 Tracked objects:
		On entry : 
		On exit  : 
		Unchanged: 
 Data sizes:     COMMON   BANK0   BANK1   BANK2
      Params:         0       4       0       0
      Locals:         0       2       0       0
      Temps:          1       0       0       0
      Totals:         1       6       0       0
Total ram usage:        7 bytes
 Hardware stack levels used:    1
 Hardware stack levels required when called:    1
 This function calls:
		Nothing
 This function is called by:
		_Tetris_GetRandomUnit
 This function uses a non-reentrant model


 *************** function _Tetris_ClearFilledRows *****************
 Defined at:
		line 366 in file "../Tetris/Tetris.c"
 Parameters:    Size  Location     Type
  gameTable       1    wreg     PTR unsigned int 
		 -> main@tetrisGame(63), 
 Auto vars:     Size  Location     Type
  gameTable       1    7[BANK0 ] PTR unsigned int 
		 -> main@tetrisGame(63), 
  i               1    8[BANK0 ] unsigned char 
  rowsCleared     1    6[BANK0 ] unsigned char 
 Return value:  Size  Location     Type
                  1    wreg      unsigned char 
 Registers used:
		wreg, fsr0l, fsr0h, status,2, status,0, pclath, cstack
 Tracked objects:
		On entry : 
		On exit  : 
		Unchanged: 
 Data sizes:     COMMON   BANK0   BANK1   BANK2
      Params:         0       0       0       0
      Locals:         0       3       0       0
      Temps:          0       4       0       0
      Totals:         0       7       0       0
Total ram usage:        7 bytes
 Hardware stack levels used:    1
 Hardware stack levels required when called:    2
 This function calls:
		_Tetris_ShiftTableDown
 This function is called by:
		_Tetris_UpdateGame
 This function uses a non-reentrant model


 *************** function _Tetris_ShiftTableDown *****************
 Defined at:
		line 301 in file "../Tetris/Tetris.c"
 Parameters:    Size  Location     Type
  gameTable       1    wreg     PTR unsigned int 
		 -> main@tetrisGame(63), 
  upto            1    3[COMMON] unsigned char 
 Auto vars:     Size  Location     Type
  gameTable       1    0[BANK0 ] PTR unsigned int 
		 -> main@tetrisGame(63), 
  i               1    1[BANK0 ] unsigned char 
 Return value:  Size  Location     Type
                  1    wreg      void 
 Registers used:
		wreg, fsr0l, fsr0h, status,2, status,0
 Tracked objects:
		On entry : 
		On exit  : 
		Unchanged: 
 Data sizes:     COMMON   BANK0   BANK1   BANK2
      Params:         1       0       0       0
      Locals:         0       2       0       0
      Temps:          6       0       0       0
      Totals:         7       2       0       0
Total ram usage:        9 bytes
 Hardware stack levels used:    1
 Hardware stack levels required when called:    1
 This function calls:
		Nothing
 This function is called by:
		_Tetris_ClearFilledRows
 This function uses a non-reentrant model


 *************** function _Tetris_RotatePlayer *****************
 Defined at:
		line 447 in file "../Tetris/Tetris.c"
 Parameters:    Size  Location     Type
  game            1    wreg     PTR struct .
		 -> main@tetrisGame(63), 
 Auto vars:     Size  Location     Type
  game            1   19[BANK0 ] PTR struct .
		 -> main@tetrisGame(63), 
  oldRotation     1   18[BANK0 ] unsigned char 
 Return value:  Size  Location     Type
                  1    wreg      void 
 Registers used:
		wreg, fsr0l, fsr0h, status,2, status,0, btemp+1, pclath, cstack
 Tracked objects:
		On entry : 
		On exit  : 
		Unchanged: 
 Data sizes:     COMMON   BANK0   BANK1   BANK2
      Params:         0       0       0       0
      Locals:         0       2       0       0
      Temps:          0       6       0       0
      Totals:         0       8       0       0
Total ram usage:        8 bytes
 Hardware stack levels used:    1
 Hardware stack levels required when called:    4
 This function calls:
		_Tetris_ApplyPlayerToTable
		_Tetris_PlayerOverlapsEnvironment
		_Tetris_PlayerUnitBitsAreValid
		_Tetris_RemovePlayerFromTable
		_Tetris_UpdatePlayerUnitBits
		___lbmod
 This function is called by:
		_main
 This function uses a non-reentrant model


 *************** function ___lbmod *****************
 Defined at:
		line 4 in file "C:\Program Files (x86)\Microchip\xc8\v2.05\pic\sources\c90\common\lbmod.c"
 Parameters:    Size  Location     Type
  dividend        1    wreg     unsigned char 
  divisor         1    3[COMMON] unsigned char 
 Auto vars:     Size  Location     Type
  dividend        1    7[COMMON] unsigned char 
  rem             1    9[COMMON] unsigned char 
  counter         1    8[COMMON] unsigned char 
 Return value:  Size  Location     Type
                  1    wreg      unsigned char 
 Registers used:
		wreg, status,2, status,0
 Tracked objects:
		On entry : 
		On exit  : 
		Unchanged: 
 Data sizes:     COMMON   BANK0   BANK1   BANK2
      Params:         1       0       0       0
      Locals:         3       0       0       0
      Temps:          3       0       0       0
      Totals:         7       0       0       0
Total ram usage:        7 bytes
 Hardware stack levels used:    1
 Hardware stack levels required when called:    1
 This function calls:
		Nothing
 This function is called by:
		_Tetris_RotatePlayer
 This function uses a non-reentrant model


 *************** function _Tetris_PlayerUnitBitsAreValid *****************
 Defined at:
		line 283 in file "../Tetris/Tetris.c"
 Parameters:    Size  Location     Type
  player          1    wreg     PTR const struct .
		 -> tetrisGame.player(13), main@tetrisGame(63), 
 Auto vars:     Size  Location     Type
  player          1    9[BANK0 ] PTR const struct .
		 -> tetrisGame.player(13), main@tetrisGame(63), 
 Return value:  Size  Location     Type
                  1    wreg      unsigned char 
 Registers used:
		wreg, fsr0l, fsr0h, status,2, status,0, btemp+1, pclath, cstack
 Tracked objects:
		On entry : 
		On exit  : 
		Unchanged: 
 Data sizes:     COMMON   BANK0   BANK1   BANK2
      Params:         0       0       0       0
      Locals:         0       1       0       0
      Temps:          0       4       0       0
      Totals:         0       5       0       0
Total ram usage:        5 bytes
 Hardware stack levels used:    1
 Hardware stack levels required when called:    3
 This function calls:
		_Tetris_CountUnitBits
 This function is called by:
		_Tetris_RotatePlayer
 This function uses a non-reentrant model


 *************** function _Tetris_CountUnitBits *****************
 Defined at:
		line 247 in file "../Tetris/Tetris.c"
 Parameters:    Size  Location     Type
  unitBits        2    3[COMMON] PTR const unsigned int 
		 -> tetrisGame.player(13), Tetris_units.bits(32), Tetris_units(238), main@tetrisGame(63), 
 Auto vars:     Size  Location     Type
  j               1    3[BANK0 ] unsigned char 
  mask            2    0[BANK0 ] unsigned int 
  i               1    4[BANK0 ] unsigned char 
  result          1    2[BANK0 ] unsigned char 
 Return value:  Size  Location     Type
                  1    wreg      unsigned char 
 Registers used:
		wreg, fsr0l, fsr0h, status,2, status,0, btemp+1, pclath
 Tracked objects:
		On entry : 
		On exit  : 
		Unchanged: 
 Data sizes:     COMMON   BANK0   BANK1   BANK2
      Params:         2       0       0       0
      Locals:         0       5       0       0
      Temps:          5       0       0       0
      Totals:         7       5       0       0
Total ram usage:       12 bytes
 Hardware stack levels used:    2
 Hardware stack levels required when called:    1
 This function calls:
		Nothing
 This function is called by:
		_Tetris_PlayerUnitBitsAreValid
 This function uses a non-reentrant model


 *************** function _Tetris_ResetGame *****************
 Defined at:
		line 343 in file "../Tetris/Tetris.c"
 Parameters:    Size  Location     Type
  game            1    wreg     PTR struct .
		 -> main@tetrisGame(63), 
  playerUnit      2   34[BANK0 ] PTR const struct .
		 -> Tetris_units(238), 
 Auto vars:     Size  Location     Type
  game            1   36[BANK0 ] PTR struct .
		 -> main@tetrisGame(63), 
 Return value:  Size  Location     Type
                  1    wreg      void 
 Registers used:
		wreg, fsr0l, fsr0h, status,2, status,0, btemp+1, pclath, cstack
 Tracked objects:
		On entry : 
		On exit  : 
		Unchanged: 
 Data sizes:     COMMON   BANK0   BANK1   BANK2
      Params:         0       2       0       0
      Locals:         0       1       0       0
      Temps:          0       0       0       0
      Totals:         0       3       0       0
Total ram usage:        3 bytes
 Hardware stack levels used:    1
 Hardware stack levels required when called:    5
 This function calls:
		_Tetris_ApplyPlayerToTable
		_Tetris_ResetPlayer
		_memset
 This function is called by:
		_main
 This function uses a non-reentrant model


 *************** function _Tetris_ResetPlayer *****************
 Defined at:
		line 294 in file "../Tetris/Tetris.c"
 Parameters:    Size  Location     Type
  player          1    wreg     PTR struct .
		 -> main@tetrisGame(63), 
  playerUnit      2   29[BANK0 ] PTR const struct .
		 -> Tetris_units(238), 
 Auto vars:     Size  Location     Type
  player          1   33[BANK0 ] PTR struct .
		 -> main@tetrisGame(63), 
 Return value:  Size  Location     Type
                  1    wreg      void 
 Registers used:
		wreg, fsr0l, fsr0h, status,2, status,0, btemp+1, pclath, cstack
 Tracked objects:
		On entry : 
		On exit  : 
		Unchanged: 
 Data sizes:     COMMON   BANK0   BANK1   BANK2
      Params:         0       2       0       0
      Locals:         0       1       0       0
      Temps:          0       2       0       0
      Totals:         0       5       0       0
Total ram usage:        5 bytes
 Hardware stack levels used:    1
 Hardware stack levels required when called:    4
 This function calls:
		_Tetris_SetPlayerUnit
 This function is called by:
		_Tetris_ResetGame
		_Tetris_UpdateGame
 This function uses a non-reentrant model


 *************** function _Tetris_SetPlayerUnit *****************
 Defined at:
		line 288 in file "../Tetris/Tetris.c"
 Parameters:    Size  Location     Type
  player          1    wreg     PTR struct .
		 -> main@tetrisGame(63), 
  unit            2    8[COMMON] PTR const struct .
		 -> Tetris_units(238), 
 Auto vars:     Size  Location     Type
  player          1   10[BANK0 ] PTR struct .
		 -> main@tetrisGame(63), 
 Return value:  Size  Location     Type
                  1    wreg      void 
 Registers used:
		wreg, fsr0l, fsr0h, status,2, status,0, btemp+1, pclath, cstack
 Tracked objects:
		On entry : 
		On exit  : 
		Unchanged: 
 Data sizes:     COMMON   BANK0   BANK1   BANK2
      Params:         2       0       0       0
      Locals:         0       1       0       0
      Temps:          0       0       0       0
      Totals:         2       1       0       0
Total ram usage:        3 bytes
 Hardware stack levels used:    1
 Hardware stack levels required when called:    3
 This function calls:
		_Tetris_UpdatePlayerUnitBits
 This function is called by:
		_Tetris_ResetPlayer
 This function uses a non-reentrant model


 *************** function _Tetris_UpdatePlayerUnitBits *****************
 Defined at:
		line 263 in file "../Tetris/Tetris.c"
 Parameters:    Size  Location     Type
  player          1    wreg     PTR struct .
		 -> main@tetrisGame(63), 
 Auto vars:     Size  Location     Type
  player          1    7[COMMON] PTR struct .
		 -> main@tetrisGame(63), 
  i               1    4[COMMON] unsigned char 
  i               1    3[COMMON] unsigned char 
  i               1    5[COMMON] unsigned char 
  shift           1    6[COMMON] char 
 Return value:  Size  Location     Type
                  1    wreg      void 
 Registers used:
		wreg, fsr0l, fsr0h, status,2, status,0, btemp+1, pclath
 Tracked objects:
		On entry : 
		On exit  : 
		Unchanged: 
 Data sizes:     COMMON   BANK0   BANK1   BANK2
      Params:         0       0       0       0
      Locals:         5       0       0       0
      Temps:          0      10       0       0
      Totals:         5      10       0       0
Total ram usage:       15 bytes
 Hardware stack levels used:    2
 Hardware stack levels required when called:    1
 This function calls:
		Nothing
 This function is called by:
		_Tetris_SetPlayerUnit
		_Tetris_RotatePlayer
 This function uses a non-reentrant model


 *************** function _Tetris_MovePlayerRight *****************
 Defined at:
		line 424 in file "../Tetris/Tetris.c"
 Parameters:    Size  Location     Type
  game            1    wreg     PTR struct .
		 -> main@tetrisGame(63), 
 Auto vars:     Size  Location     Type
  game            1   16[BANK0 ] PTR struct .
		 -> main@tetrisGame(63), 
  i               1   15[BANK0 ] unsigned char 
  i               1   14[BANK0 ] unsigned char 
 Return value:  Size  Location     Type
                  1    wreg      void 
 Registers used:
		wreg, fsr0l, fsr0h, status,2, status,0, btemp+1, pclath, cstack
 Tracked objects:
		On entry : 
		On exit  : 
		Unchanged: 
 Data sizes:     COMMON   BANK0   BANK1   BANK2
      Params:         0       0       0       0
      Locals:         0       3       0       0
      Temps:          0       2       0       0
      Totals:         0       5       0       0
Total ram usage:        5 bytes
 Hardware stack levels used:    1
 Hardware stack levels required when called:    4
 This function calls:
		_Tetris_ApplyPlayerToTable
		_Tetris_PlayerOverlapsEnvironment
		_Tetris_PlayerTouchingRightBound
		_Tetris_RemovePlayerFromTable
 This function is called by:
		_main
 This function uses a non-reentrant model


 *************** function _Tetris_PlayerTouchingRightBound *****************
 Defined at:
		line 208 in file "../Tetris/Tetris.c"
 Parameters:    Size  Location     Type
  player          1    wreg     PTR struct .
		 -> main@tetrisGame(63), 
 Auto vars:     Size  Location     Type
  player          1    7[COMMON] PTR struct .
		 -> main@tetrisGame(63), 
  i               1    8[COMMON] unsigned char 
 Return value:  Size  Location     Type
                  1    wreg      unsigned char 
 Registers used:
		wreg, fsr0l, fsr0h, status,2, status,0
 Tracked objects:
		On entry : 
		On exit  : 
		Unchanged: 
 Data sizes:     COMMON   BANK0   BANK1   BANK2
      Params:         0       0       0       0
      Locals:         2       0       0       0
      Temps:          4       0       0       0
      Totals:         6       0       0       0
Total ram usage:        6 bytes
 Hardware stack levels used:    1
 Hardware stack levels required when called:    1
 This function calls:
		Nothing
 This function is called by:
		_Tetris_MovePlayerRight
 This function uses a non-reentrant model


 *************** function _Tetris_MovePlayerLeft *****************
 Defined at:
		line 401 in file "../Tetris/Tetris.c"
 Parameters:    Size  Location     Type
  game            1    wreg     PTR struct .
		 -> main@tetrisGame(63), 
 Auto vars:     Size  Location     Type
  game            1   16[BANK0 ] PTR struct .
		 -> main@tetrisGame(63), 
  i               1   15[BANK0 ] unsigned char 
  i               1   14[BANK0 ] unsigned char 
 Return value:  Size  Location     Type
                  1    wreg      void 
 Registers used:
		wreg, fsr0l, fsr0h, status,2, status,0, btemp+1, pclath, cstack
 Tracked objects:
		On entry : 
		On exit  : 
		Unchanged: 
 Data sizes:     COMMON   BANK0   BANK1   BANK2
      Params:         0       0       0       0
      Locals:         0       3       0       0
      Temps:          0       2       0       0
      Totals:         0       5       0       0
Total ram usage:        5 bytes
 Hardware stack levels used:    1
 Hardware stack levels required when called:    4
 This function calls:
		_Tetris_ApplyPlayerToTable
		_Tetris_PlayerOverlapsEnvironment
		_Tetris_PlayerTouchingLeftBound
		_Tetris_RemovePlayerFromTable
 This function is called by:
		_main
 This function uses a non-reentrant model


 *************** function _Tetris_RemovePlayerFromTable *****************
 Defined at:
		line 219 in file "../Tetris/Tetris.c"
 Parameters:    Size  Location     Type
  game            1    wreg     PTR struct .
		 -> main@tetrisGame(63), 
 Auto vars:     Size  Location     Type
  game            1    7[COMMON] PTR struct .
		 -> main@tetrisGame(63), 
  i               1    8[COMMON] unsigned char 
  start           1    6[COMMON] unsigned char 
 Return value:  Size  Location     Type
                  1    wreg      void 
 Registers used:
		wreg, fsr0l, fsr0h, status,2, status,0, btemp+1, pclath, cstack
 Tracked objects:
		On entry : 
		On exit  : 
		Unchanged: 
 Data sizes:     COMMON   BANK0   BANK1   BANK2
      Params:         0       0       0       0
      Locals:         3       0       0       0
      Temps:          0       8       0       0
      Totals:         3       8       0       0
Total ram usage:       11 bytes
 Hardware stack levels used:    1
 Hardware stack levels required when called:    3
 This function calls:
		_Tetris_PlayerTopmostY
 This function is called by:
		_Tetris_MovePlayerDown
		_Tetris_MovePlayerLeft
		_Tetris_MovePlayerRight
		_Tetris_RotatePlayer
 This function uses a non-reentrant model


 *************** function _Tetris_PlayerTouchingLeftBound *****************
 Defined at:
		line 197 in file "../Tetris/Tetris.c"
 Parameters:    Size  Location     Type
  player          1    wreg     PTR struct .
		 -> main@tetrisGame(63), 
 Auto vars:     Size  Location     Type
  player          1    7[COMMON] PTR struct .
		 -> main@tetrisGame(63), 
  i               1    8[COMMON] unsigned char 
 Return value:  Size  Location     Type
                  1    wreg      unsigned char 
 Registers used:
		wreg, fsr0l, fsr0h, status,2, status,0
 Tracked objects:
		On entry : 
		On exit  : 
		Unchanged: 
 Data sizes:     COMMON   BANK0   BANK1   BANK2
      Params:         0       0       0       0
      Locals:         2       0       0       0
      Temps:          4       0       0       0
      Totals:         6       0       0       0
Total ram usage:        6 bytes
 Hardware stack levels used:    1
 Hardware stack levels required when called:    1
 This function calls:
		Nothing
 This function is called by:
		_Tetris_MovePlayerLeft
 This function uses a non-reentrant model


 *************** function _Tetris_PlayerOverlapsEnvironment *****************
 Defined at:
		line 185 in file "../Tetris/Tetris.c"
 Parameters:    Size  Location     Type
  game            1    wreg     PTR struct .
		 -> main@tetrisGame(63), 
 Auto vars:     Size  Location     Type
  game            1    8[COMMON] PTR struct .
		 -> main@tetrisGame(63), 
  i               1    7[COMMON] unsigned char 
  start           1    6[COMMON] unsigned char 
 Return value:  Size  Location     Type
                  1    wreg      unsigned char 
 Registers used:
		wreg, fsr0l, fsr0h, status,2, status,0, btemp+1, pclath, cstack
 Tracked objects:
		On entry : 
		On exit  : 
		Unchanged: 
 Data sizes:     COMMON   BANK0   BANK1   BANK2
      Params:         0       0       0       0
      Locals:         3       0       0       0
      Temps:          0      12       0       0
      Totals:         3      12       0       0
Total ram usage:       15 bytes
 Hardware stack levels used:    1
 Hardware stack levels required when called:    3
 This function calls:
		_Tetris_PlayerTopmostY
 This function is called by:
		_Tetris_UpdateGame
		_Tetris_MovePlayerDown
		_Tetris_MovePlayerLeft
		_Tetris_MovePlayerRight
		_Tetris_RotatePlayer
 This function uses a non-reentrant model


 *************** function _Tetris_ApplyPlayerToTable *****************
 Defined at:
		line 228 in file "../Tetris/Tetris.c"
 Parameters:    Size  Location     Type
  game            1    wreg     PTR struct .
		 -> main@tetrisGame(63), 
 Auto vars:     Size  Location     Type
  game            1    9[COMMON] PTR struct .
		 -> main@tetrisGame(63), 
  i               1    8[COMMON] unsigned char 
  i               1    7[COMMON] unsigned char 
  start           1    6[COMMON] unsigned char 
 Return value:  Size  Location     Type
                  1    wreg      unsigned char 
 Registers used:
		wreg, fsr0l, fsr0h, status,2, status,0, btemp+1, pclath, cstack
 Tracked objects:
		On entry : 
		On exit  : 
		Unchanged: 
 Data sizes:     COMMON   BANK0   BANK1   BANK2
      Params:         0       0       0       0
      Locals:         4       0       0       0
      Temps:          0       8       0       0
      Totals:         4       8       0       0
Total ram usage:       12 bytes
 Hardware stack levels used:    1
 Hardware stack levels required when called:    3
 This function calls:
		_Tetris_PlayerTopmostY
 This function is called by:
		_Tetris_ResetGame
		_Tetris_UpdateGame
		_Tetris_MovePlayerDown
		_Tetris_MovePlayerLeft
		_Tetris_MovePlayerRight
		_Tetris_RotatePlayer
 This function uses a non-reentrant model


 *************** function _Tetris_PlayerTopmostY *****************
 Defined at:
		line 180 in file "../Tetris/Tetris.c"
 Parameters:    Size  Location     Type
  player          1    wreg     PTR struct .
		 -> main@tetrisGame(63), 
 Auto vars:     Size  Location     Type
  player          1    5[COMMON] PTR struct .
		 -> main@tetrisGame(63), 
 Return value:  Size  Location     Type
[...]
 Hardware stack levels required when called:    5
 This function calls:
		_LCD_Write
 This function is called by:
		_LCD_Reset
 This function uses a non-reentrant model


 *************** function _LCD_Clear *****************
 Defined at:
		line 145 in file "LCD.c"
 Parameters:    Size  Location     Type
		None
 Auto vars:     Size  Location     Type
  y               1    3[BANK0 ] unsigned char 
  x               1    4[BANK0 ] unsigned char 
 Return value:  Size  Location     Type
                  1    wreg      void 
 Registers used:
		wreg, status,2, status,0, pclath, cstack
 Tracked objects:
		On entry : 
		On exit  : 
		Unchanged: 
 Data sizes:     COMMON   BANK0   BANK1   BANK2
      Params:         0       0       0       0
      Locals:         0       2       0       0
      Temps:          0       1       0       0
      Totals:         0       3       0       0
Total ram usage:        3 bytes
 Hardware stack levels used:    1
 Hardware stack levels required when called:    6
 This function calls:
		_LCD_SetX
		_LCD_SetY
		_LCD_WriteData
 This function is called by:
		_main
 This function uses a non-reentrant model


 *************** function _LCD_WriteData *****************
 Defined at:
		line 102 in file "LCD.c"
 Parameters:    Size  Location     Type
  data            1    wreg     unsigned char 
 Auto vars:     Size  Location     Type
  data            1    1[BANK0 ] unsigned char 
 Return value:  Size  Location     Type
                  1    wreg      void 
 Registers used:
		wreg, status,2, status,0, pclath, cstack
 Tracked objects:
		On entry : 
		On exit  : 
		Unchanged: 
 Data sizes:     COMMON   BANK0   BANK1   BANK2
      Params:         0       0       0       0
      Locals:         0       1       0       0
      Temps:          0       1       0       0
      Totals:         0       2       0       0
Total ram usage:        2 bytes
 Hardware stack levels used:    1
 Hardware stack levels required when called:    5
 This function calls:
		_LCD_Write
 This function is called by:
		_LCD_Clear
		_RedrawTetrisOnLCD
 This function uses a non-reentrant model


 *************** function _LCD_SetY *****************
 Defined at:
		line 130 in file "LCD.c"
 Parameters:    Size  Location     Type
  y               1    wreg     unsigned char 
 Auto vars:     Size  Location     Type
  y               1    1[BANK0 ] unsigned char 
 Return value:  Size  Location     Type
                  1    wreg      void 
 Registers used:
		wreg, status,2, status,0, pclath, cstack
 Tracked objects:
		On entry : 
		On exit  : 
		Unchanged: 
 Data sizes:     COMMON   BANK0   BANK1   BANK2
      Params:         0       0       0       0
      Locals:         0       1       0       0
      Temps:          0       1       0       0
      Totals:         0       2       0       0
Total ram usage:        2 bytes
 Hardware stack levels used:    1
 Hardware stack levels required when called:    5
 This function calls:
		_LCD_Write
 This function is called by:
		_LCD_Reset
		_LCD_Clear
		_RedrawTetrisOnLCD
 This function uses a non-reentrant model


 *************** function _LCD_SetX *****************
 Defined at:
		line 135 in file "LCD.c"
 Parameters:    Size  Location     Type
  x               1    wreg     unsigned char 
 Auto vars:     Size  Location     Type
  x               1    1[BANK0 ] unsigned char 
 Return value:  Size  Location     Type
                  1    wreg      void 
 Registers used:
		wreg, status,2, status,0, pclath, cstack
 Tracked objects:
		On entry : 
		On exit  : 
		Unchanged: 
 Data sizes:     COMMON   BANK0   BANK1   BANK2
      Params:         0       0       0       0
      Locals:         0       1       0       0
      Temps:          0       1       0       0
      Totals:         0       2       0       0
Total ram usage:        2 bytes
 Hardware stack levels used:    1
 Hardware stack levels required when called:    5
 This function calls:
		_LCD_Write
 This function is called by:
		_LCD_Reset
		_LCD_Clear
		_RedrawTetrisOnLCD
 This function uses a non-reentrant model


 *************** function _LCD_Write *****************
 Defined at:
		line 35 in file "LCD.c"
 Parameters:    Size  Location     Type
  mode            1    wreg     enum E1321
  data            1    8[COMMON] unsigned char 
 Auto vars:     Size  Location     Type
  mode            1    9[COMMON] enum E1321
 Return value:  Size  Location     Type
                  1    wreg      void 
 Registers used:
		wreg, status,2, status,0, pclath, cstack
 Tracked objects:
		On entry : 
		On exit  : 
		Unchanged: 
 Data sizes:     COMMON   BANK0   BANK1   BANK2
      Params:         1       0       0       0
      Locals:         1       0       0       0
      Temps:          0       0       0       0
      Totals:         2       0       0       0
Total ram usage:        2 bytes
 Hardware stack levels used:    1
 Hardware stack levels required when called:    4
 This function calls:
		_LCD_BlockWhileBusy
 This function is called by:
		_LCD_WriteData
		_LCD_TurnOn
		_LCD_SetY
		_LCD_SetX
		_LCD_SetZ
		_LCD_TurnOff
 This function uses a non-reentrant model


 *************** function _LCD_BlockWhileBusy *****************
 Defined at:
		line 28 in file "LCD.c"
 Parameters:    Size  Location     Type
		None
 Auto vars:     Size  Location     Type
		None
 Return value:  Size  Location     Type
                  1    wreg      void 
 Registers used:
		wreg, status,2, pclath, cstack
 Tracked objects:
		On entry : 
		On exit  : 
		Unchanged: 
 Data sizes:     COMMON   BANK0   BANK1   BANK2
      Params:         0       0       0       0
      Locals:         0       0       0       0
      Temps:          0       0       0       0
      Totals:         0       0       0       0
Total ram usage:        0 bytes
 Hardware stack levels used:    1
 Hardware stack levels required when called:    3
 This function calls:
		_LCD_IsBusy
 This function is called by:
		_LCD_Write
		_LCD_ReadData
 This function uses a non-reentrant model


 *************** function _LCD_IsBusy *****************
 Defined at:
		line 22 in file "LCD.c"
 Parameters:    Size  Location     Type
		None
 Auto vars:     Size  Location     Type
  status          1    7[COMMON] unsigned char 
 Return value:  Size  Location     Type
                  1    wreg      unsigned char 
 Registers used:
		wreg, status,2, pclath, cstack
 Tracked objects:
		On entry : 
		On exit  : 
		Unchanged: 
 Data sizes:     COMMON   BANK0   BANK1   BANK2
      Params:         0       0       0       0
      Locals:         2       0       0       0
      Temps:          1       0       0       0
      Totals:         3       0       0       0
Total ram usage:        3 bytes
 Hardware stack levels used:    1
 Hardware stack levels required when called:    2
 This function calls:
		_LCD_ReadStatus
 This function is called by:
		_LCD_BlockWhileBusy
 This function uses a non-reentrant model


 *************** function _LCD_ReadStatus *****************
 Defined at:
		line 80 in file "LCD.c"
 Parameters:    Size  Location     Type
		None
 Auto vars:     Size  Location     Type
  status          1    4[COMMON] unsigned char 
 Return value:  Size  Location     Type
                  1    wreg      unsigned char 
 Registers used:
		wreg
 Tracked objects:
		On entry : 
		On exit  : 
		Unchanged: 
 Data sizes:     COMMON   BANK0   BANK1   BANK2
      Params:         0       0       0       0
      Locals:         1       0       0       0
      Temps:          1       0       0       0
      Totals:         2       0       0       0
Total ram usage:        2 bytes
 Hardware stack levels used:    1
 Hardware stack levels required when called:    1
 This function calls:
		Nothing
 This function is called by:
		_LCD_IsBusy
 This function uses a non-reentrant model


 *************** function _Buttons_Update *****************
 Defined at:
		line 51 in file "Buttons.c"
 Parameters:    Size  Location     Type
  buttons         1    wreg     PTR struct .
		 -> main@buttons(4), 
 Auto vars:     Size  Location     Type
  buttons         1    6[COMMON] PTR struct .
		 -> main@buttons(4), 
 Return value:  Size  Location     Type
                  1    wreg      void 
 Registers used:
		wreg, fsr0l, fsr0h, status,2, status,0, pclath, cstack
 Tracked objects:
		On entry : 
		On exit  : 
		Unchanged: 
 Data sizes:     COMMON   BANK0   BANK1   BANK2
      Params:         0       0       0       0
      Locals:         1       0       0       0
      Temps:          0       0       0       0
      Totals:         1       0       0       0
Total ram usage:        1 bytes
 Hardware stack levels used:    1
 Hardware stack levels required when called:    2
 This function calls:
		_Buttons_UpdateButton
 This function is called by:
		_main
 This function uses a non-reentrant model


 *************** function _Buttons_UpdateButton *****************
 Defined at:
		line 26 in file "Buttons.c"
 Parameters:    Size  Location     Type
  button          1    wreg     PTR struct .
		 -> main@buttons(4), 
  nHeld           1    3[COMMON] unsigned char 
 Auto vars:     Size  Location     Type
  button          1    5[COMMON] PTR struct .
		 -> main@buttons(4), 
 Return value:  Size  Location     Type
                  1    wreg      void 
 Registers used:
		wreg, fsr0l, fsr0h, status,2, status,0
 Tracked objects:
		On entry : 
		On exit  : 
		Unchanged: 
 Data sizes:     COMMON   BANK0   BANK1   BANK2
      Params:         1       0       0       0
      Locals:         1       0       0       0
      Temps:          1       0       0       0
      Totals:         3       0       0       0
Total ram usage:        3 bytes
 Hardware stack levels used:    1
 Hardware stack levels required when called:    1
 This function calls:
		Nothing
 This function is called by:
		_Buttons_Update
 This function uses a non-reentrant model


 *************** function _Buttons_SetupPortsAndInterrups *****************
 Defined at:
		line 40 in file "Buttons.c"
 Parameters:    Size  Location     Type
		None
 Auto vars:     Size  Location     Type
		None
 Return value:  Size  Location     Type
                  1    wreg      void 
 Registers used:
		wreg, status,2, status,0, pclath, cstack
 Tracked objects:
		On entry : 
		On exit  : 
		Unchanged: 
 Data sizes:     COMMON   BANK0   BANK1   BANK2
      Params:         0       0       0       0
      Locals:         0       0       0       0
      Temps:          0       0       0       0
      Totals:         0       0       0       0
Total ram usage:        0 bytes
 Hardware stack levels used:    1
 Hardware stack levels required when called:    2
 This function calls:
		_Buttons_SetupInterrupts
		_Buttons_SetupPortB
 This function is called by:
		_main
 This function uses a non-reentrant model


 *************** function _Buttons_SetupPortB *****************
 Defined at:
		line 11 in file "Buttons.c"
 Parameters:    Size  Location     Type
		None
 Auto vars:     Size  Location     Type
		None
 Return value:  Size  Location     Type
                  1    wreg      void 
 Registers used:
		wreg, status,2
 Tracked objects:
		On entry : 
		On exit  : 
		Unchanged: 
 Data sizes:     COMMON   BANK0   BANK1   BANK2
      Params:         0       0       0       0
      Locals:         0       0       0       0
      Temps:          0       0       0       0
      Totals:         0       0       0       0
Total ram usage:        0 bytes
 Hardware stack levels used:    1
 Hardware stack levels required when called:    1
 This function calls:
		Nothing
 This function is called by:
		_Buttons_SetupPortsAndInterrups
 This function uses a non-reentrant model


 *************** function _Buttons_SetupInterrupts *****************
 Defined at:
		line 19 in file "Buttons.c"
 Parameters:    Size  Location     Type
		None
 Auto vars:     Size  Location     Type
		None
 Return value:  Size  Location     Type
                  1    wreg      void 
 Registers used:
		None
 Tracked objects:
		On entry : 
		On exit  : 
		Unchanged: 
 Data sizes:     COMMON   BANK0   BANK1   BANK2
      Params:         0       0       0       0
      Locals:         0       0       0       0
      Temps:          0       0       0       0
      Totals:         0       0       0       0
Total ram usage:        0 bytes
 Hardware stack levels used:    1
 Hardware stack levels required when called:    1
 This function calls:
		Nothing
 This function is called by:
		_Buttons_SetupPortsAndInterrups
 This function uses a non-reentrant model


 *************** function _Buttons_Clear *****************
 Defined at:
		line 46 in file "Buttons.c"
 Parameters:    Size  Location     Type
  buttons         1    wreg     PTR struct .
		 -> main@buttons(4), 
 Auto vars:     Size  Location     Type
  buttons         1    0[BANK0 ] PTR struct .
		 -> main@buttons(4), 
 Return value:  Size  Location     Type
                  1    wreg      void 
 Registers used:
		wreg, fsr0l, fsr0h, status,2, status,0, pclath, cstack
 Tracked objects:
		On entry : 
		On exit  : 
		Unchanged: 
 Data sizes:     COMMON   BANK0   BANK1   BANK2
      Params:         0       0       0       0
      Locals:         0       1       0       0
      Temps:          0       0       0       0
      Totals:         0       1       0       0
Total ram usage:        1 bytes
 Hardware stack levels used:    1
 Hardware stack levels required when called:    2
 This function calls:
		_memset
 This function is called by:
		_main
 This function uses a non-reentrant model


 *************** function _memset *****************
 Defined at:
		line 8 in file "C:\Program Files (x86)\Microchip\xc8\v2.05\pic\sources\c90\common\memset.c"
 Parameters:    Size  Location     Type
  p1              1    wreg     PTR void 
		 -> main@buttons(4), main@tetrisGame(63), 
  c               2    3[COMMON] int 
  n               2    5[COMMON] unsigned int 
 Auto vars:     Size  Location     Type
  p1              1    9[COMMON] PTR void 
		 -> main@buttons(4), main@tetrisGame(63), 
  p               1    8[COMMON] PTR unsigned char 
		 -> main@buttons(4), main@tetrisGame(63), 
 Return value:  Size  Location     Type
                  1    wreg      PTR void 
 Registers used:
		wreg, fsr0l, fsr0h, status,2, status,0
 Tracked objects:
		On entry : 
		On exit  : 
		Unchanged: 
 Data sizes:     COMMON   BANK0   BANK1   BANK2
      Params:         4       0       0       0
      Locals:         2       0       0       0
      Temps:          1       0       0       0
      Totals:         7       0       0       0
Total ram usage:        7 bytes
 Hardware stack levels used:    1
 Hardware stack levels required when called:    1
 This function calls:
		Nothing
 This function is called by:
		_Tetris_ResetGame
		_Buttons_Clear
 This function uses a non-reentrant model


 *************** function _InterruptHandler *****************
 Defined at:
		line 64 in file "main.c"
 Parameters:    Size  Location     Type
		None
 Auto vars:     Size  Location     Type
		None
 Return value:  Size  Location     Type
                  1    wreg      void 
 Registers used:
		wreg, status,2, status,0
 Tracked objects:
		On entry : 
		On exit  : 
		Unchanged: 
 Data sizes:     COMMON   BANK0   BANK1   BANK2
      Params:         0       0       0       0
      Locals:         0       0       0       0
      Temps:          3       0       0       0
      Totals:         3       0       0       0
Total ram usage:        3 bytes
 Hardware stack levels used:    1
 This function calls:
		Nothing
 This function is called by:
		Interrupt level 1
 This function uses a non-reentrant model



MODULE INFORMATION

Module		Function		Class		Link	Load	Size
../Tetris/Tetris.c
		_Tetris_ApplyPlayerToTable		CODE           	0425	0000	101
		_Tetris_UpdateGame		CODE           	0586	0000	77
		_Tetris_PlayerTouchingRightBound		CODE           	0F18	0000	31
		_Tetris_MovePlayerRight		CODE           	0489	0000	90
		_Tetris_RemovePlayerFromTable		CODE           	0754	0000	55
		_Tetris_RotatePlayer		CODE           	034D	0000	113
		_Tetris_ClearFilledRows		CODE           	078A	0000	50
		_Tetris_ScoreForRowsCleared		CODE           	00A7	0000	36
		_Tetris_ShiftTableDown		CODE           	0617	0000	68
		_Tetris_UpdatePlayerUnitBits		CODE           	02B2	0000	156
		_Tetris_ResetPlayer		CODE           	0FBA	0000	36
		_Tetris_MovePlayerDown		CODE           	07BB	0000	49
		_Tetris_PlayerOverlapsEnvironment		CODE           	06DC	0000	66
		_Tetris_GetRandomUnit		CODE           	0057	0000	44
		_Tetris_PlayerTopmostY		CODE           	07EB	0000	19
		_Tetris_SetPlayerUnit		CODE           	00ED	0000	17
		_Tetris_PlayerUnitBitsAreValid		CODE           	071D	0000	56
		_Tetris_CountUnitBits		CODE           	069B	0000	66
		_Tetris_MovePlayerLeft		CODE           	04E2	0000	88
		_Tetris_PlayerTouchingLeftBound		CODE           	0EFA	0000	31
		_Tetris_ResetGame		CODE           	0F36	0000	32

../Tetris/Tetris.c estimated size: 1281

Drawing.c
		_RedrawTetrisOnLCD		CODE           	0204	0000	175

Drawing.c estimated size: 175

C:\Program Files (x86)\Microchip\xc8\v2.05\pic\sources\c90\common\awmod.c
		___awmod       		CODE           	0539	0000	78

C:\Program Files (x86)\Microchip\xc8\v2.05\pic\sources\c90\common\awmod.c estimated size: 78

C:\Program Files (x86)\Microchip\xc8\v2.05\pic\sources\c90\common\Umul16.c
		___wmul        		CODE           	00CA	0000	36

C:\Program Files (x86)\Microchip\xc8\v2.05\pic\sources\c90\common\Umul16.c estimated size: 36

C:\Program Files (x86)\Microchip\xc8\v2.05\pic\sources\c90\common\lbmod.c
		___lbmod       		CODE           	0FDD	0000	36

C:\Program Files (x86)\Microchip\xc8\v2.05\pic\sources\c90\common\lbmod.c estimated size: 36

Buttons.c
		_Buttons_SetupPortB		CODE           	0E63	0000	14
		_Buttons_SetupInterrupts		CODE           	0E06	0000	7
		_Buttons_UpdateButton		CODE           	0F76	0000	34
		_Buttons_Clear 		CODE           	0E70	0000	15
		_Buttons_Update		CODE           	002B	0000	45
		_Buttons_SetupPortsAndInterrups		CODE           	0E0C	0000	7

Buttons.c estimated size: 122

shared
		_Tetris_unitPivot		STRCODE        	0114	0000	3
		__stringtab    		STRCODE        	0100	0000	19
		_Tetris_playerStartingPosition		STRCODE        	0112	0000	3
		__initialization		CODE           	000D	0000	28
		_Tetris_units  		STRCODE        	0116	0000	239

shared estimated size: 292

C:\Program Files (x86)\Microchip\xc8\v2.05\pic\sources\c90\common\Umul32.c
		___lmul        		CODE           	065A	0000	66

C:\Program Files (x86)\Microchip\xc8\v2.05\pic\sources\c90\common\Umul32.c estimated size: 66

C:\Program Files (x86)\Microchip\xc8\v2.05\pic\sources\c90\common\rand.c
		_rand          		CODE           	05D2	0000	70

C:\Program Files (x86)\Microchip\xc8\v2.05\pic\sources\c90\common\rand.c estimated size: 70

C:\Program Files (x86)\Microchip\xc8\v2.05\pic\sources\c90\common\memset.c
		_memset        		CODE           	0EDE	0000	29

C:\Program Files (x86)\Microchip\xc8\v2.05\pic\sources\c90\common\memset.c estimated size: 29

main.c
		_main          		CODE           	03BD	0000	105
		_SetupOscillator		CODE           	0E12	0000	7
		_InterruptHandler		CODE           	0F55	0000	34
		_SetupTimer    		CODE           	0E34	0000	12
		_ResetTimer    		CODE           	0E01	0000	6

main.c estimated size: 164

LCD.c
		_LCD_SegmentSelection		CODE           	0E9C	0000	17
		_LCD_BlockWhileBusy		CODE           	0E18	0000	8
		_LCD_SetX      		CODE           	0E3F	0000	13
		_LCD_SetY      		CODE           	0E4B	0000	13
		_LCD_SetZ      		CODE           	0E57	0000	13
		_LCD_ReadStatus		CODE           	0E8C	0000	17
		_LCD_Reset     		CODE           	0EAC	0000	24
		_LCD_SetupPorts		CODE           	0F97	0000	36
		_LCD_TurnOn    		CODE           	0E1F	0000	11
		_LCD_Clear     		CODE           	0082	0000	38
		_LCD_Write     		CODE           	0EC3	0000	28
		_LCD_IsBusy    		CODE           	0E7E	0000	15
		_LCD_WriteData 		CODE           	0E29	0000	12

LCD.c estimated size: 245

